Microchip MPLAB XC8 Compiler V2.46

Linker command line:

-W-3 --edf=D:\MPLABXC8\pic\dat\20240104201356_en.msgs -cn \
  -h+dist/default/production\UartV2.X.production.sym \
  --cmf=dist/default/production\UartV2.X.production.cmf -z -Q18F25K22 \
  -oC:\Users\matgu\AppData\Local\Temp\xcAsbmc.\driver_tmp_3.o \
  --defsym=__MPLAB_BUILD=1 --fixupoverflow=error \
  -Mdist/default/production/UartV2.X.production.map \
  --md=C:\Users\matgu\AppData\Local\Temp\xcAsbmc.\driver_tmp_0.dat -E1 \
  -ver=XC8 Compiler --acfsm=1493 -ACODE=00h-07FFFh -ACONST=00h-07FFFh \
  -ASMALLCONST=0600h-06FFhx122 -AMEDIUMCONST=0600h-07FFFh -ACOMRAM=01h-05Fh \
  -AABS1=00h-05FFh -ABIGRAM=01h-05FFh -ARAM=060h-0FFh,0100h-01FFhx5 \
  -ABANK0=060h-0FFh -ABANK1=0100h-01FFh -ABANK2=0200h-02FFh \
  -ABANK3=0300h-03FFh -ABANK4=0400h-04FFh -ABANK5=0500h-05FFh \
  -ASFR=0F38h-0F5Fh,0F60h-0FFFh -ABIGSFR=0F38h-0FFFh \
  -ACONFIG=0300000h-030000Dh -AIDLOC=0200000h-0200007h \
  -AEEDATA=0F00000h-0F000FFh -peeprom_data=EEDATA \
  -preset_vec=00h,intcode=8h,intcodelo,powerup,init -pramtop=0600h \
  -psmallconst=SMALLCONST -pmediumconst=MEDIUMCONST -pconst=CONST \
  -AFARRAM=00h-00h \
  -prdata=COMRAM,nvrram=COMRAM,nvbit=COMRAM,rbss=COMRAM,rbit=COMRAM \
  -pfarbss=FARRAM,fardata=FARRAM,nvFARRAM=FARRAM \
  -pintsave_regs=BIGRAM,bigbss=BIGRAM,bigdata=BIGRAM -pbss=RAM \
  -pidata=CODE,irdata=CODE,ibigdata=CODE,ifardata=CODE -prparam=COMRAM \
  C:\Users\matgu\AppData\Local\Temp\xcAsbmc.\driver_tmp_9.o \
  dist/default/production\UartV2.X.production.o 

Object code version is 3.11

Machine type is 18F25K22



                Name                               Link     Load   Length Selector   Space Scale
C:\Users\matgu\AppData\Local\Temp\xcAsbmc.\driver_tmp_9.o
                config                           300000   300000        E        0       4
                init                                 A2       A2        4        4       0
                reset_vec                             0        0        4        0       0
dist/default/production\UartV2.X.production.o
                intcode                               8        8       9A        4       0
                config                           300000   300000        E        0       4
                temp                                 31       31        1        1       1
                smallconst                          600      600       C4      300       0
                text8                               972      972        4      362       0
                text7                               95C      95C       16      362       0
                text6                               86A      86A       48      362       0
                text4                               8B2      8B2       36      362       0
                text3                               946      946       16      362       0
                text2                               822      822       48      362       0
                text1                               91A      91A       2C      362       0
                text0                               6C4      6C4      15E      362       0
                cstackCOMRAM                          1        1       19        1       1
                bssBANK1                            100      100      100      100       1
                bssCOMRAM                            1A       1A       17        1       1
                cinit                               8E8      8E8       32      362       0

TOTAL           Name                               Link     Load   Length     Space
        CLASS   CODE           
                intcode                               8        8       9A         0
                init                                 A2       A2        4         0
                reset_vec                             0        0        4         0
                text8                               972      972        4         0
                text7                               95C      95C       16         0
                text6                               86A      86A       48         0
                text4                               8B2      8B2       36         0
                text3                               946      946       16         0
                text2                               822      822       48         0
                text1                               91A      91A       2C         0
                text0                               6C4      6C4      15E         0
                cinit                               8E8      8E8       32         0

        CLASS   CONST          

        CLASS   SMALLCONST     
                smallconst                          600      600       C4         0

        CLASS   MEDIUMCONST    

        CLASS   COMRAM         
                temp                                 31       31        1         1
                cstackCOMRAM                          1        1       19         1
                bssCOMRAM                            1A       1A       17         1

        CLASS   ABS1           

        CLASS   BIGRAM         

        CLASS   RAM            

        CLASS   BANK0          

        CLASS   BANK1          
                bssBANK1                            100      100      100         1

        CLASS   BANK2          

        CLASS   BANK3          

        CLASS   BANK4          

        CLASS   BANK5          

        CLASS   SFR            

        CLASS   BIGSFR         

        CLASS   CONFIG         
                config                           300000   300000        E         4

        CLASS   IDLOC          

        CLASS   EEDATA         

        CLASS   FARRAM         

        CLASS   HEAP           

        CLASS   STACK          



SEGMENTS        Name                           Load    Length   Top    Selector   Space  Class

                reset_vec                      000000  000004  000004         0       0  CODE    
                cstackCOMRAM                   000001  000031  000032         1       1  COMRAM  
                intcode                        000008  00009E  0000A6         4       0  CODE    
                bssBANK1                       000100  000100  000200       100       1  BANK1   
                smallconst                     000600  0000C4  0006C4       300       0  SMALLCON
                text0                          0006C4  0002B2  000976       362       0  CODE    


UNUSED ADDRESS RANGES

        Name                Unused          Largest block    Delta
        BANK0            000060-0000FF               A0
        BANK2            000200-0002FF              100
        BANK3            000300-0003FF              100
        BANK4            000400-0004FF              100
        BANK5            000500-0005FF              100
        BIGRAM           000032-0000FF               CE
                         000200-0005FF              400
        BIGSFR           000F38-000FFF               C8
        CODE             000004-000007                4
                         0000A6-0005FF              55A
                         000976-007FFF             768A
        COMRAM           000032-00005F               2E
        CONST            000004-000007                4
                         0000A6-0005FF              55A
                         000976-007FFF             768A
        EEDATA           F00000-F000FF              100
        IDLOC            200000-200007                8
        MEDIUMCONST      000976-007FFF             768A
        RAM              000060-0000FF               A0
                         000200-0005FF              100
        SFR              000F38-000FFF               28
        SMALLCONST       000976-007FFF              100

                                  Symbol Table

UARTInit@baudRate             cstackCOMRAM 000009
UARTWriteByte@data            cstackCOMRAM 000009
UARTWriteStrLn@i              cstackCOMRAM 00000C
UARTWriteStrLn@string         cstackCOMRAM 00000A
_ANSELCbits                   (abs)        000F3A
_BAUDCON1bits                 (abs)        000FB8
_INTCONbits                   (abs)        000FF2
_PEIE                         (abs)        007F96
_PIE1bits                     (abs)        000F9D
_PIR1bits                     (abs)        000F9E
_PIR2bits                     (abs)        000FA1
_RCIE                         (abs)        007CED
_RCIF                         (abs)        007CF5
_RCREG1                       (abs)        000FAE
_RCSTA1                       (abs)        000FAB
_RCSTA1bits                   (abs)        000FAB
_SPBRG1                       (abs)        000FAF
_SPBRGH1                      (abs)        000FB0
_SSP1ADD                      (abs)        000FC8
_SSP1BUF                      (abs)        000FC9
_SSP1CON1                     (abs)        000FC6
_SSP1CON2                     (abs)        000FC5
_SSP1CON2bits                 (abs)        000FC5
_SSP1CON3bits                 (abs)        000FCB
_SSP1STATbits                 (abs)        000FC7
_SerialRxPinInterrupt         intcode      000008
_TRISCbits                    (abs)        000F94
_TXREG1                       (abs)        000FAD
_TXSTA1                       (abs)        000FAC
_TXSTA1bits                   (abs)        000FAC
_UARTInit                     text4        0008B2
_UARTReadByte                 text8        000972
_UARTWriteByte                text3        000946
_UARTWriteStrLn               text2        000822
__HRAM                        (abs)        000000
__H__absolute__               __absolute__ 000000
__Habs1                       abs1         000000
__Hbank0                      bank0        000000
__Hbank1                      bank1        000000
__Hbank2                      bank2        000000
__Hbank3                      bank3        000000
__Hbank4                      bank4        000000
__Hbank5                      bank5        000000
__Hbigbss                     bigbss       000000
__Hbigdata                    bigdata      000000
__Hbigram                     bigram       000000
__Hbigsfr                     bigsfr       000000
__Hbss                        bss          000000
__HbssBANK1                   bssBANK1     000000
__HbssCOMRAM                  bssCOMRAM    000000
__Hcinit                      cinit        000000
__Hclrtext                    clrtext      000000
__Hcomram                     comram       000000
__Hconfig                     config       30000E
__Hconst                      const        000000
__HcstackCOMRAM               cstackCOMRAM 000000
__Hdata                       data         000000
__Heeprom_data                eeprom_data  000000
__Hfarbss                     farbss       000000
__Hfardata                    fardata      000000
__Hheap                       heap         000000
__Hibigdata                   ibigdata     000000
__Hidata                      idata        000000
__Hidloc                      idloc        000000
__Hifardata                   ifardata     000000
__Hinit                       init         0000A6
__Hintcode                    intcode      0000A2
__Hintcode_body               intcode_body 000000
__Hintcodelo                  intcodelo    0000A2
__Hintentry                   intentry     000000
__Hintret                     intret       000000
__Hintsave_regs               intsave_regs 000000
__Hirdata                     irdata       000000
__Hmediumconst                mediumconst  000000
__HnvFARRAM                   nvFARRAM     000000
__Hnvbit                      nvbit        000000
__Hnvrram                     nvrram       000000
__Hparam                      rparam       000000
__Hpowerup                    powerup      0000A2
__Hram                        ram          000000
__Hramtop                     ramtop       000600
__Hrbit                       rbit         000000
__Hrbss                       rbss         000000
__Hrdata                      rdata        000000
__Hreset_vec                  reset_vec    000004
__Hrparam                     rparam       000000
__Hsfr                        sfr          000000
__Hsivt_hi                    sivt_hi      000000
__Hsivt_lo                    sivt_lo      000000
__Hsmallconst                 smallconst   0006C4
__Hspace_0                    (abs)        000976
__Hspace_1                    (abs)        000200
__Hspace_2                    (abs)        000000
__Hspace_4                    (abs)        60000E
__Hstack                      stack        000000
__Hstruct                     struct       000000
__Htemp                       temp         000032
__Htext                       text         000000
__Htext0                      text0        000000
__Htext1                      text1        000000
__Htext2                      text2        000000
__Htext3                      text3        000000
__Htext4                      text4        000000
__Htext6                      text6        000000
__Htext7                      text7        000000
__Htext8                      text8        000000
__LRAM                        (abs)        000001
__L__absolute__               __absolute__ 000000
__Labs1                       abs1         000000
__Lbank0                      bank0        000000
__Lbank1                      bank1        000000
__Lbank2                      bank2        000000
__Lbank3                      bank3        000000
__Lbank4                      bank4        000000
__Lbank5                      bank5        000000
__Lbigbss                     bigbss       000000
__Lbigdata                    bigdata      000000
__Lbigram                     bigram       000000
__Lbigsfr                     bigsfr       000000
__Lbss                        bss          000000
__LbssBANK1                   bssBANK1     000000
__LbssCOMRAM                  bssCOMRAM    000000
__Lcinit                      cinit        000000
__Lclrtext                    clrtext      000000
__Lcomram                     comram       000000
__Lconfig                     config       000000
__Lconst                      const        000000
__LcstackCOMRAM               cstackCOMRAM 000000
__Ldata                       data         000000
__Leeprom_data                eeprom_data  000000
__Lfarbss                     farbss       000000
__Lfardata                    fardata      000000
__Lheap                       heap         000000
__Libigdata                   ibigdata     000000
__Lidata                      idata        000000
__Lidloc                      idloc        000000
__Lifardata                   ifardata     000000
__Linit                       init         0000A2
__Lintcode                    intcode      000008
__Lintcode_body               intcode_body 000000
__Lintcodelo                  intcodelo    0000A2
__Lintentry                   intentry     000000
__Lintret                     intret       000000
__Lintsave_regs               intsave_regs 000000
__Lirdata                     irdata       000000
__Lmediumconst                mediumconst  000000
__LnvFARRAM                   nvFARRAM     000000
__Lnvbit                      nvbit        000000
__Lnvrram                     nvrram       000000
__Lparam                      rparam       000000
__Lpowerup                    powerup      0000A2
__Lram                        ram          000000
__Lramtop                     ramtop       000600
__Lrbit                       rbit         000000
__Lrbss                       rbss         000000
__Lrdata                      rdata        000000
__Lreset_vec                  reset_vec    000000
__Lrparam                     rparam       000000
__Lsfr                        sfr          000000
__Lsivt_hi                    sivt_hi      000000
__Lsivt_lo                    sivt_lo      000000
__Lsmallconst                 smallconst   000600
__Lspace_0                    (abs)        000000
__Lspace_1                    (abs)        000000
__Lspace_2                    (abs)        000000
__Lspace_4                    (abs)        000000
__Lstack                      stack        000000
__Lstruct                     struct       000000
__Ltemp                       temp         000031
__Ltext                       text         000000
__Ltext0                      text0        000000
__Ltext1                      text1        000000
__Ltext2                      text2        000000
__Ltext3                      text3        000000
__Ltext4                      text4        000000
__Ltext6                      text6        000000
__Ltext7                      text7        000000
__Ltext8                      text8        000000
__S0                          (abs)        000976
__S1                          (abs)        000200
__S4                          (abs)        000000
__S5                          (abs)        000000
___heap_hi                    (abs)        000000
___heap_lo                    (abs)        000000
___inthi_sp                   stack        000000
___inthi_stack_hi             stack        000000
___inthi_stack_lo             stack        000000
___intlo_sp                   stack        000000
___intlo_stack_hi             stack        000000
___intlo_stack_lo             stack        000000
___param_bank                 (abs)        000000
___rparam_used                (abs)        000001
___sp                         stack        000000
___stack_hi                   stack        000000
___stack_lo                   stack        000000
__accesstop                   (abs)        000060
__activetblptr                (abs)        000001
__end_of_SerialRxPinInterrupt intcode      0000A2
__end_of_UARTInit             text4        0008E8
__end_of_UARTReadByte         text8        000976
__end_of_UARTWriteByte        text3        00095C
__end_of_UARTWriteStrLn       text2        00086A
__end_of__initialization      cinit        000908
__end_of_i2c_init             text1        000946
__end_of_main                 text0        000822
__end_ofi2_UARTWriteByte      text7        000972
__end_ofi2_UARTWriteStrLn     text6        0008B2
__initialization              cinit        0008E8
__mediumconst                 mediumconst  000000
__pbssBANK1                   bssBANK1     000100
__pbssCOMRAM                  bssCOMRAM    00001A
__pcinit                      cinit        0008E8
__pcstackCOMRAM               cstackCOMRAM 000001
__pintcode                    intcode      000008
__psmallconst                 smallconst   000600
__ptext0                      text0        0006C4
__ptext1                      text1        00091A
__ptext2                      text2        000822
__ptext3                      text3        000946
__ptext4                      text4        0008B2
__ptext6                      text6        00086A
__ptext7                      text7        00095C
__ptext8                      text8        000972
__ramtop                      ramtop       000600
__smallconst                  smallconst   000600
_debut                        bssCOMRAM    00002E
_i                            bssCOMRAM    00002C
_i2c_init                     text1        00091A
_main                         text0        0006C4
_pout                         bssCOMRAM    00002F
_reg_val                      bssCOMRAM    000030
_rssi                         bssCOMRAM    00002A
_string                       bssCOMRAM    00001A
_txBuffer                     bssBANK1     000100
btemp                         temp         000031
end_of_initialization         cinit        000908
i2UARTWriteByte@data          cstackCOMRAM 000001
i2UARTWriteStrLn@i            cstackCOMRAM 000004
i2UARTWriteStrLn@string       cstackCOMRAM 000002
i2_UARTWriteByte              text7        00095C
i2_UARTWriteStrLn             text6        00086A
int$flags                     temp         000031
intlevel0                     text         000000
intlevel1                     text         000000
intlevel2                     text         000000
intlevel3                     text         000000
isa$std                       (abs)        000001
isa$xinst                     (abs)        000000
main@j                        cstackCOMRAM 000013
main@j_245                    cstackCOMRAM 000014
main@j_247                    cstackCOMRAM 000015
main@j_249                    cstackCOMRAM 000016
main@j_251                    cstackCOMRAM 000017
main@j_253                    cstackCOMRAM 000018
main@j_255                    cstackCOMRAM 000019
stackhi                       (abs)        000000
stacklo                       (abs)        000000
start                         init         0000A2
start_initialization          cinit        0008E8
ttemp5                        temp         000032
ttemp6                        temp         000035
ttemp7                        temp         000039
wtemp8                        temp         000032


MODULE INFORMATION

Module		Function		Class		Link	Load	Size
uart.c
		_UARTWriteByte 		CODE           	0946	0000	22
		_UARTInit      		CODE           	08B2	0000	54
		_UARTReadByte  		CODE           	0972	0000	4
		_UARTWriteStrLn		CODE           	0822	0000	72

uart.c estimated size: 152

i2c.c
		_i2c_init      		CODE           	091A	0000	44

i2c.c estimated size: 44

shared
		i2_UARTWriteByte		CODE           	095C	0000	22
		__initialization		CODE           	08E8	0000	32
		i2_UARTWriteStrLn		CODE           	086A	0000	72

shared estimated size: 126

main.c
		_SerialRxPinInterrupt		CODE           	0008	0000	154
		_main          		CODE           	06C4	0000	350

main.c estimated size: 504

