Microchip MPLAB XC8 Compiler V2.46

Linker command line:

-W-3 --edf=/opt/microchip/xc8/v2.46/pic/dat/20240104201356_en.msgs -cn \
  -h+dist/default/debug/UartV4.X.debug.sym \
  --cmf=dist/default/debug/UartV4.X.debug.cmf -z -Q18F25K22 \
  -o/tmp/xcXcMDiBA/driver_tmp_3.o --defsym=__MPLAB_BUILD=1 \
  --fixupoverflow=error -Mdist/default/debug/UartV4.X.debug.map \
  --md=/tmp/xcXcMDiBA/driver_tmp_0.dat -E1 -ver=XC8 Compiler --acfsm=1493 \
  -ACODE=00h-07FFFh -ACONST=00h-07FFFh -ASMALLCONST=0600h-06FFhx122 \
  -AMEDIUMCONST=0600h-07FFFh -ACOMRAM=01h-05Fh -AABS1=00h-05FFh \
  -ABIGRAM=01h-05FFh -ARAM=060h-0FFh,0100h-01FFhx5 -ABANK0=060h-0FFh \
  -ABANK1=0100h-01FFh -ABANK2=0200h-02FFh -ABANK3=0300h-03FFh \
  -ABANK4=0400h-04FFh -ABANK5=0500h-05FFh -ASFR=0F38h-0F5Fh,0F60h-0FFFh \
  -ABIGSFR=0F38h-0FFFh -ACONFIG=0300000h-030000Dh -AIDLOC=0200000h-0200007h \
  -AEEDATA=0F00000h-0F000FFh -peeprom_data=EEDATA \
  -preset_vec=00h,intcode=8h,intcodelo,powerup,init -pramtop=0600h \
  -psmallconst=SMALLCONST -pmediumconst=MEDIUMCONST -pconst=CONST \
  -AFARRAM=00h-00h \
  -prdata=COMRAM,nvrram=COMRAM,nvbit=COMRAM,rbss=COMRAM,rbit=COMRAM \
  -pfarbss=FARRAM,fardata=FARRAM,nvFARRAM=FARRAM \
  -pintsave_regs=BIGRAM,bigbss=BIGRAM,bigdata=BIGRAM -pbss=RAM \
  -pidata=CODE,irdata=CODE,ibigdata=CODE,ifardata=CODE -prparam=COMRAM \
  /tmp/xcXcMDiBA/driver_tmp_14.o dist/default/debug/UartV4.X.debug.o 

Object code version is 3.11

Machine type is 18F25K22



                Name                               Link     Load   Length Selector   Space Scale
/tmp/xcXcMDiBA/driver_tmp_14.o
                config                           300000   300000        E        0       4
                init                                 A2       A2        4        4       0
                reset_vec                             0        0        4        0       0
dist/default/debug/UartV4.X.debug.o
                intcode                               8        8       9A        4       0
                config                           300000   300000        E        0       4
                temp                                 53       53        1        1       1
                smallconst                          600      600       D8      300       0
                text33                             2508     2508        4      36C       0
                text32                             24DA     24DA       16      36C       0
                text31                             2198     2198       84      36C       0
                text29                             144E     144E      39A      36C       0
                text28                             1024     1024      42A      36C       0
                text27                              6D8      6D8      4C0      36C       0
                text26                             22B6     22B6       48      36C       0
                text25                             1DF0     1DF0      108      36C       0
                text24                             1ACE     1ACE      1B4      36C       0
                text23                             17E8     17E8      2E6      36C       0
                text22                             24F0     24F0       14      36C       0
                text21                             23DA     23DA       2C      36C       0
                text20                             2480     2480       18      36C       0
                text19                             244C     244C       1C      36C       0
                text18                             221C     221C       50      36C       0
                text17                             24C4     24C4       16      36C       0
                text16                             24AE     24AE       16      36C       0
                text15                             242C     242C       20      36C       0
                text14                             1FB2     1FB2       B4      36C       0
                text13                             2066     2066       AE      36C       0
                text12                             2406     2406       26      36C       0
                text11                             2378     2378       36      36C       0
                text10                             2504     2504        4      36C       0
                text9                              2498     2498       16      36C       0
                text8                              2114     2114       84      36C       0
                text7                              23AE     23AE       2C      36C       0
                text6                              2468     2468       18      36C       0
                text5                              250E     250E        2      36C       0
                text4                              1EF8     1EF8       BA      36C       0
                text3                              1C82     1C82      16E      36C       0
                text2                              22FE     22FE       3E      36C       0
                text1                              233C     233C       3C      36C       0
                text0                               B98      B98      48C      36C       0
                cstackCOMRAM                          1        1       47        1       1
                cstackBANK0                          BC       BC       26       60       1
                cstackBANK1                         132      132       29      100       1
                bssBANK1                            100      100       32      100       1
                dataBANK0                            E2       E2        2       60       1
                bssBANK0                             60       60       5C       60       1
                bssCOMRAM                            48       48        B        1       1
                cinit                              226C     226C       4A      36C       0
                idataBANK0                         250C     250C        2      36C       0

TOTAL           Name                               Link     Load   Length     Space
        CLASS   CODE           
                intcode                               8        8       9A         0
                init                                 A2       A2        4         0
                reset_vec                             0        0        4         0
                text33                             2508     2508        4         0
                text32                             24DA     24DA       16         0
                text31                             2198     2198       84         0
                text29                             144E     144E      39A         0
                text28                             1024     1024      42A         0
                text27                              6D8      6D8      4C0         0
                text26                             22B6     22B6       48         0
                text25                             1DF0     1DF0      108         0
                text24                             1ACE     1ACE      1B4         0
                text23                             17E8     17E8      2E6         0
                text22                             24F0     24F0       14         0
                text21                             23DA     23DA       2C         0
                text20                             2480     2480       18         0
                text19                             244C     244C       1C         0
                text18                             221C     221C       50         0
                text17                             24C4     24C4       16         0
                text16                             24AE     24AE       16         0
                text15                             242C     242C       20         0
                text14                             1FB2     1FB2       B4         0
                text13                             2066     2066       AE         0
                text12                             2406     2406       26         0
                text11                             2378     2378       36         0
                text10                             2504     2504        4         0
                text9                              2498     2498       16         0
                text8                              2114     2114       84         0
                text7                              23AE     23AE       2C         0
                text6                              2468     2468       18         0
                text5                              250E     250E        2         0
                text4                              1EF8     1EF8       BA         0
                text3                              1C82     1C82      16E         0
                text2                              22FE     22FE       3E         0
                text1                              233C     233C       3C         0
                text0                               B98      B98      48C         0
                cinit                              226C     226C       4A         0
                idataBANK0                         250C     250C        2         0

        CLASS   CONST          

        CLASS   SMALLCONST     
                smallconst                          600      600       D8         0

        CLASS   MEDIUMCONST    

        CLASS   COMRAM         
                temp                                 53       53        1         1
                cstackCOMRAM                          1        1       47         1
                bssCOMRAM                            48       48        B         1

        CLASS   ABS1           

        CLASS   BIGRAM         

        CLASS   RAM            

        CLASS   BANK0          
                cstackBANK0                          BC       BC       26         1
                dataBANK0                            E2       E2        2         1
                bssBANK0                             60       60       5C         1

        CLASS   BANK1          
                cstackBANK1                         132      132       29         1
                bssBANK1                            100      100       32         1

        CLASS   BANK2          

        CLASS   BANK3          

        CLASS   BANK4          

        CLASS   BANK5          

        CLASS   SFR            

        CLASS   BIGSFR         

        CLASS   CONFIG         
                config                           300000   300000        E         4

        CLASS   IDLOC          

        CLASS   EEDATA         

        CLASS   FARRAM         

        CLASS   HEAP           

        CLASS   STACK          



SEGMENTS        Name                           Load    Length   Top    Selector   Space  Class

                cstackCOMRAM                   000001  000053  000054         1       1  COMRAM  
                reset_vec                      000000  000004  000004         0       0  CODE    
                text27                         0006D8  001E38  002510       36C       0  CODE    
                bssBANK0                       000060  000084  0000E4        60       1  BANK0   
                bssBANK1                       000100  00005B  00015B       100       1  BANK1   
                intcode                        000008  00009E  0000A6         4       0  CODE    
                smallconst                     000600  0000D8  0006D8       300       0  SMALLCON


UNUSED ADDRESS RANGES

        Name                Unused          Largest block    Delta
        BANK0            0000E4-0000FF               1C
        BANK1            00015B-0001FF               A5
        BANK2            000200-0002FF              100
        BANK3            000300-0003FF              100
        BANK4            000400-0004FF              100
        BANK5            000500-0005FF              100
        BIGRAM           000054-00005F                C
                         0000E4-0000FF               1C
                         00015B-0005FF              4A5
        BIGSFR           000F38-000FFF               C8
        CODE             000004-000007                4
                         0000A6-0005FF              55A
                         002510-007FFF             5AF0
        COMRAM           000054-00005F                C
        CONST            000004-000007                4
                         0000A6-0005FF              55A
                         002510-007FFF             5AF0
        EEDATA           F00000-F000FF              100
        IDLOC            200000-200007                8
        MEDIUMCONST      002510-007FFF             5AF0
        RAM              0000E4-0000FF               1C
                         00015B-0005FF              100
        SFR              000F38-000FFF               28
        SMALLCONST       002510-007FFF              100

                                  Symbol Table

?_BME280_Compensate_Temperature               cstackBANK0  0000C4
?_BME280_Read_Temperature                     cstackCOMRAM 00000F
?___fladd                                     cstackCOMRAM 00000D
?___fldiv                                     cstackCOMRAM 00002B
?___flmul                                     cstackCOMRAM 00002B
?___flsub                                     cstackBANK0  0000BC
?___fltol                                     cstackCOMRAM 000044
?___xxtofl                                    cstackCOMRAM 00001D
?_sprintf                                     cstackCOMRAM 000024
?_vfprintf                                    cstackCOMRAM 000020
BME280_Compensate_Temperature@adc_T           cstackBANK0  0000C4
BME280_Compensate_Temperature@temperature     cstackBANK0  0000CC
BME280_Compensate_Temperature@temperature_max cstackBANK0  0000C8
BME280_Compensate_Temperature@var1            cstackBANK0  0000D4
BME280_Compensate_Temperature@var2            cstackBANK0  0000D8
BME280_Read_Compensation_Params@data          cstackCOMRAM 000011
BME280_Read_Compensation_Params@i             cstackCOMRAM 00001D
BME280_Read_Temperature@adc_T                 cstackCOMRAM 00001A
BME280_Read_Temperature@lsb                   cstackCOMRAM 00001F
BME280_Read_Temperature@msb                   cstackCOMRAM 00001E
BME280_Read_Temperature@xlsb                  cstackCOMRAM 000020
I2C_Write_Register@address                    cstackCOMRAM 000011
I2C_Write_Register@reg                        cstackCOMRAM 000013
I2C_Write_Register@value                      cstackCOMRAM 00000F
UARTWriteByte@data                            cstackCOMRAM 00000D
UARTWriteStrLn@i                              cstackCOMRAM 000012
UARTWriteStrLn@string                         cstackCOMRAM 00000E
_ANSELCbits                                   (abs)        000F3A
_BAUDCON1bits                                 (abs)        000FB8
_BME280_Compensate_Temperature                text23       0017E8
_BME280_Compensate_Temperature$2196           cstackBANK0  0000D0
_BME280_Init                                  text18       00221C
_BME280_Read_Compensation_Params              text14       001FB2
_BME280_Read_Temperature                      text13       002066
_I2C_Write_Register                           text12       002406
_INTCONbits                                   (abs)        000FF2
_OSCCONbits                                   (abs)        000FD3
_PEIE                                         (abs)        007F96
_PIE1bits                                     (abs)        000F9D
_PIR1bits                                     (abs)        000F9E
_PIR2bits                                     (abs)        000FA1
_RCIE                                         (abs)        007CED
_RCIF                                         (abs)        007CF5
_RCREG1                                       (abs)        000FAE
_RCSTA1                                       (abs)        000FAB
_RCSTA1bits                                   (abs)        000FAB
_SPBRG1                                       (abs)        000FAF
_SPBRGH1                                      (abs)        000FB0
_SSP1ADD                                      (abs)        000FC8
_SSP1BUF                                      (abs)        000FC9
_SSP1CON1                                     (abs)        000FC6
_SSP1CON2                                     (abs)        000FC5
_SSP1CON2bits                                 (abs)        000FC5
_SSP1CON3bits                                 (abs)        000FCB
_SSP1STATbits                                 (abs)        000FC7
_SSPBUF                                       (abs)        000FC9
_SSPCON2bits                                  (abs)        000FC5
_SSPSTATbits                                  (abs)        000FC7
_SerialRxPinInterrupt                         intcode      000008
_TRISCbits                                    (abs)        000F94
_TXREG1                                       (abs)        000FAD
_TXSTA1                                       (abs)        000FAC
_TXSTA1bits                                   (abs)        000FAC
_UARTInit                                     text11       002378
_UARTReadByte                                 text10       002504
_UARTWriteByte                                text9        002498
_UARTWriteStrLn                               text8        002114
__HRAM                                        (abs)        000000
__H__absolute__                               __absolute__ 000000
__Habs1                                       abs1         000000
__Hbank0                                      bank0        000000
__Hbank1                                      bank1        000000
__Hbank2                                      bank2        000000
__Hbank3                                      bank3        000000
__Hbank4                                      bank4        000000
__Hbank5                                      bank5        000000
__Hbigbss                                     bigbss       000000
__Hbigdata                                    bigdata      000000
__Hbigram                                     bigram       000000
__Hbigsfr                                     bigsfr       000000
__Hbss                                        bss          000000
__HbssBANK0                                   bssBANK0     000000
__HbssBANK1                                   bssBANK1     000000
__HbssCOMRAM                                  bssCOMRAM    000000
__Hcinit                                      cinit        000000
__Hclrtext                                    clrtext      000000
__Hcomram                                     comram       000000
__Hconfig                                     config       30000E
__Hconst                                      const        000000
__HcstackBANK0                                cstackBANK0  000000
__HcstackBANK1                                cstackBANK1  000000
__HcstackCOMRAM                               cstackCOMRAM 000000
__Hdata                                       data         000000
__HdataBANK0                                  dataBANK0    000000
__Heeprom_data                                eeprom_data  000000
__Hfarbss                                     farbss       000000
__Hfardata                                    fardata      000000
__Hheap                                       heap         000000
__Hibigdata                                   ibigdata     000000
__Hidata                                      idata        000000
__HidataBANK0                                 idataBANK0   000000
__Hidloc                                      idloc        000000
__Hifardata                                   ifardata     000000
__Hinit                                       init         0000A6
__Hintcode                                    intcode      0000A2
__Hintcode_body                               intcode_body 000000
__Hintcodelo                                  intcodelo    0000A2
__Hintentry                                   intentry     000000
__Hintret                                     intret       000000
__Hintsave_regs                               intsave_regs 000000
__Hirdata                                     irdata       000000
__Hmediumconst                                mediumconst  000000
__HnvFARRAM                                   nvFARRAM     000000
__Hnvbit                                      nvbit        000000
__Hnvrram                                     nvrram       000000
__Hparam                                      rparam       000000
__Hpowerup                                    powerup      0000A2
__Hram                                        ram          000000
__Hramtop                                     ramtop       000600
__Hrbit                                       rbit         000000
__Hrbss                                       rbss         000000
__Hrdata                                      rdata        000000
__Hreset_vec                                  reset_vec    000004
__Hrparam                                     rparam       000000
__Hsfr                                        sfr          000000
__Hsivt_hi                                    sivt_hi      000000
__Hsivt_lo                                    sivt_lo      000000
__Hsmallconst                                 smallconst   0006D8
__Hspace_0                                    (abs)        002510
__Hspace_1                                    (abs)        00015B
__Hspace_2                                    (abs)        000000
__Hspace_4                                    (abs)        60000E
__Hstack                                      stack        000000
__Hstruct                                     struct       000000
__Htemp                                       temp         000054
__Htext                                       text         000000
__Htext0                                      text0        000000
__Htext1                                      text1        000000
__Htext10                                     text10       000000
__Htext11                                     text11       000000
__Htext12                                     text12       000000
__Htext13                                     text13       000000
__Htext14                                     text14       000000
__Htext15                                     text15       000000
__Htext16                                     text16       000000
__Htext17                                     text17       000000
__Htext18                                     text18       000000
__Htext19                                     text19       000000
__Htext2                                      text2        000000
__Htext20                                     text20       000000
__Htext21                                     text21       000000
__Htext22                                     text22       000000
__Htext23                                     text23       000000
__Htext24                                     text24       000000
__Htext25                                     text25       000000
__Htext26                                     text26       000000
__Htext27                                     text27       000000
__Htext28                                     text28       000000
__Htext29                                     text29       000000
__Htext3                                      text3        000000
__Htext31                                     text31       000000
__Htext32                                     text32       000000
__Htext33                                     text33       000000
__Htext4                                      text4        000000
__Htext5                                      text5        000000
__Htext6                                      text6        000000
__Htext7                                      text7        000000
__Htext8                                      text8        000000
__Htext9                                      text9        000000
__LRAM                                        (abs)        000001
__L__absolute__                               __absolute__ 000000
__Labs1                                       abs1         000000
__Lbank0                                      bank0        000000
__Lbank1                                      bank1        000000
__Lbank2                                      bank2        000000
__Lbank3                                      bank3        000000
__Lbank4                                      bank4        000000
__Lbank5                                      bank5        000000
__Lbigbss                                     bigbss       000000
__Lbigdata                                    bigdata      000000
__Lbigram                                     bigram       000000
__Lbigsfr                                     bigsfr       000000
__Lbss                                        bss          000000
__LbssBANK0                                   bssBANK0     000000
__LbssBANK1                                   bssBANK1     000000
__LbssCOMRAM                                  bssCOMRAM    000000
__Lcinit                                      cinit        000000
__Lclrtext                                    clrtext      000000
__Lcomram                                     comram       000000
__Lconfig                                     config       000000
__Lconst                                      const        000000
__LcstackBANK0                                cstackBANK0  000000
__LcstackBANK1                                cstackBANK1  000000
__LcstackCOMRAM                               cstackCOMRAM 000000
__Ldata                                       data         000000
__LdataBANK0                                  dataBANK0    000000
__Leeprom_data                                eeprom_data  000000
__Lfarbss                                     farbss       000000
__Lfardata                                    fardata      000000
__Lheap                                       heap         000000
__Libigdata                                   ibigdata     000000
__Lidata                                      idata        000000
__LidataBANK0                                 idataBANK0   000000
__Lidloc                                      idloc        000000
__Lifardata                                   ifardata     000000
__Linit                                       init         0000A2
__Lintcode                                    intcode      000008
__Lintcode_body                               intcode_body 000000
__Lintcodelo                                  intcodelo    0000A2
__Lintentry                                   intentry     000000
__Lintret                                     intret       000000
__Lintsave_regs                               intsave_regs 000000
__Lirdata                                     irdata       000000
__Lmediumconst                                mediumconst  000000
__LnvFARRAM                                   nvFARRAM     000000
__Lnvbit                                      nvbit        000000
__Lnvrram                                     nvrram       000000
__Lparam                                      rparam       000000
__Lpowerup                                    powerup      0000A2
__Lram                                        ram          000000
__Lramtop                                     ramtop       000600
__Lrbit                                       rbit         000000
__Lrbss                                       rbss         000000
__Lrdata                                      rdata        000000
__Lreset_vec                                  reset_vec    000000
__Lrparam                                     rparam       000000
__Lsfr                                        sfr          000000
__Lsivt_hi                                    sivt_hi      000000
__Lsivt_lo                                    sivt_lo      000000
__Lsmallconst                                 smallconst   000600
__Lspace_0                                    (abs)        000000
__Lspace_1                                    (abs)        000000
__Lspace_2                                    (abs)        000000
__Lspace_4                                    (abs)        000000
__Lstack                                      stack        000000
__Lstruct                                     struct       000000
__Ltemp                                       temp         000053
__Ltext                                       text         000000
__Ltext0                                      text0        000000
__Ltext1                                      text1        000000
__Ltext10                                     text10       000000
__Ltext11                                     text11       000000
__Ltext12                                     text12       000000
__Ltext13                                     text13       000000
__Ltext14                                     text14       000000
__Ltext15                                     text15       000000
__Ltext16                                     text16       000000
__Ltext17                                     text17       000000
__Ltext18                                     text18       000000
__Ltext19                                     text19       000000
__Ltext2                                      text2        000000
__Ltext20                                     text20       000000
__Ltext21                                     text21       000000
__Ltext22                                     text22       000000
__Ltext23                                     text23       000000
__Ltext24                                     text24       000000
__Ltext25                                     text25       000000
__Ltext26                                     text26       000000
__Ltext27                                     text27       000000
__Ltext28                                     text28       000000
__Ltext29                                     text29       000000
__Ltext3                                      text3        000000
__Ltext31                                     text31       000000
__Ltext32                                     text32       000000
__Ltext33                                     text33       000000
__Ltext4                                      text4        000000
__Ltext5                                      text5        000000
__Ltext6                                      text6        000000
__Ltext7                                      text7        000000
__Ltext8                                      text8        000000
__Ltext9                                      text9        000000
__S0                                          (abs)        002510
__S1                                          (abs)        00015B
__S4                                          (abs)        000000
__S5                                          (abs)        000000
___fladd                                      text27       0006D8
___fladd@a                                    cstackCOMRAM 000011
___fladd@aexp                                 cstackCOMRAM 00001A
___fladd@b                                    cstackCOMRAM 00000D
___fladd@bexp                                 cstackCOMRAM 00001B
___fladd@grs                                  cstackCOMRAM 00001C
___fladd@signs                                cstackCOMRAM 000019
___fldiv                                      text29       00144E
___fldiv@a                                    cstackCOMRAM 00002F
___fldiv@aexp                                 cstackCOMRAM 000043
___fldiv@b                                    cstackCOMRAM 00002B
___fldiv@bexp                                 cstackCOMRAM 000042
___fldiv@grs                                  cstackCOMRAM 00003E
___fldiv@new_exp                              cstackCOMRAM 00003C
___fldiv@rem                                  cstackCOMRAM 000037
___fldiv@sign                                 cstackCOMRAM 00003B
___flmul                                      text28       001024
___flmul@a                                    cstackCOMRAM 00002F
___flmul@aexp                                 cstackCOMRAM 000038
___flmul@b                                    cstackCOMRAM 00002B
___flmul@bexp                                 cstackCOMRAM 00003D
___flmul@grs                                  cstackCOMRAM 000039
___flmul@prod                                 cstackCOMRAM 00003E
___flmul@sign                                 cstackCOMRAM 000037
___flmul@temp                                 cstackCOMRAM 000042
___flsub                                      text26       0022B6
___flsub@a                                    cstackBANK0  0000C0
___flsub@b                                    cstackBANK0  0000BC
___fltol                                      text25       001DF0
___fltol@exp1                                 cstackBANK0  0000C1
___fltol@f1                                   cstackCOMRAM 000044
___fltol@sign1                                cstackBANK0  0000C0
___heap_hi                                    (abs)        000000
___heap_lo                                    (abs)        000000
___inthi_sp                                   stack        000000
___inthi_stack_hi                             stack        000000
___inthi_stack_lo                             stack        000000
___intlo_sp                                   stack        000000
___intlo_stack_hi                             stack        000000
___intlo_stack_lo                             stack        000000
___param_bank                                 (abs)        000000
___rparam_used                                (abs)        000001
___sp                                         stack        000000
___stack_hi                                   stack        000000
___stack_lo                                   stack        000000
___xxtofl                                     text24       001ACE
___xxtofl@arg                                 cstackCOMRAM 000027
___xxtofl@exp                                 cstackCOMRAM 000026
___xxtofl@sign                                cstackCOMRAM 000025
___xxtofl@val                                 cstackCOMRAM 00001D
__accesstop                                   (abs)        000060
__activetblptr                                (abs)        000002
__end_of_BME280_Compensate_Temperature        text23       001ACE
__end_of_BME280_Init                          text18       00226C
__end_of_BME280_Read_Compensation_Params      text14       002066
__end_of_BME280_Read_Temperature              text13       002114
__end_of_I2C_Write_Register                   text12       00242C
__end_of_SerialRxPinInterrupt                 intcode      0000A2
__end_of_UARTInit                             text11       0023AE
__end_of_UARTReadByte                         text10       002508
__end_of_UARTWriteByte                        text9        0024AE
__end_of_UARTWriteStrLn                       text8        002198
__end_of___fladd                              text27       000B98
__end_of___fldiv                              text29       0017E8
__end_of___flmul                              text28       00144E
__end_of___flsub                              text26       0022FE
__end_of___fltol                              text25       001EF8
__end_of___xxtofl                             text24       001C82
__end_of__initialization                      cinit        0022A8
__end_of_fputc                                text4        001FB2
__end_of_i2c_ACK                              text17       0024DA
__end_of_i2c_NAK                              text16       0024C4
__end_of_i2c_init                             text7        0023DA
__end_of_i2c_read                             text15       00244C
__end_of_i2c_repStart                         text6        002480
__end_of_i2c_start                            text22       002504
__end_of_i2c_stop                             text20       002498
__end_of_i2c_waitForIdle                      text21       002406
__end_of_i2c_write                            text19       002468
__end_of_main                                 text0        001024
__end_of_putch                                text5        002510
__end_of_sprintf                              text1        002378
__end_of_vfpfcnvrt                            text3        001DF0
__end_of_vfprintf                             text2        00233C
__end_ofi2_UARTReadByte                       text33       00250C
__end_ofi2_UARTWriteByte                      text32       0024F0
__end_ofi2_UARTWriteStrLn                     text31       00221C
__initialization                              cinit        00226C
__mediumconst                                 mediumconst  000000
__pbssBANK0                                   bssBANK0     000060
__pbssBANK1                                   bssBANK1     000100
__pbssCOMRAM                                  bssCOMRAM    000048
__pcinit                                      cinit        00226C
__pcstackBANK0                                cstackBANK0  0000BC
__pcstackBANK1                                cstackBANK1  000132
__pcstackCOMRAM                               cstackCOMRAM 000001
__pdataBANK0                                  dataBANK0    0000E2
__pidataBANK0                                 idataBANK0   00250C
__pintcode                                    intcode      000008
__psmallconst                                 smallconst   000600
__ptext0                                      text0        000B98
__ptext1                                      text1        00233C
__ptext10                                     text10       002504
__ptext11                                     text11       002378
__ptext12                                     text12       002406
__ptext13                                     text13       002066
__ptext14                                     text14       001FB2
__ptext15                                     text15       00242C
__ptext16                                     text16       0024AE
__ptext17                                     text17       0024C4
__ptext18                                     text18       00221C
__ptext19                                     text19       00244C
__ptext2                                      text2        0022FE
__ptext20                                     text20       002480
__ptext21                                     text21       0023DA
__ptext22                                     text22       0024F0
__ptext23                                     text23       0017E8
__ptext24                                     text24       001ACE
__ptext25                                     text25       001DF0
__ptext26                                     text26       0022B6
__ptext27                                     text27       0006D8
__ptext28                                     text28       001024
__ptext29                                     text29       00144E
__ptext3                                      text3        001C82
__ptext31                                     text31       002198
__ptext32                                     text32       0024DA
__ptext33                                     text33       002508
__ptext4                                      text4        001EF8
__ptext5                                      text5        00250E
__ptext6                                      text6        002468
__ptext7                                      text7        0023AE
__ptext8                                      text8        002114
__ptext9                                      text9        002498
__ramtop                                      ramtop       000600
__smallconst                                  smallconst   000600
_buffer                                       bssBANK1     000100
_compParams                                   bssBANK0     000060
_dbuf                                         bssBANK0     000081
_debut                                        bssCOMRAM    00004F
_flags                                        bssCOMRAM    00004E
_fputc                                        text4        001EF8
_i                                            bssCOMRAM    00004C
_i2c_ACK                                      text17       0024C4
_i2c_NAK                                      text16       0024AE
_i2c_init                                     text7        0023AE
_i2c_read                                     text15       00242C
_i2c_repStart                                 text6        002468
_i2c_start                                    text22       0024F0
_i2c_stop                                     text20       002480
_i2c_waitForIdle                              text21       0023DA
_i2c_write                                    text19       00244C
_main                                         text0        000B98
_main$2197                                    cstackBANK1  00014C
_myvar                                        bssBANK0     0000B9
_myvar2                                       bssBANK0     0000B7
_pout                                         bssCOMRAM    000051
_prec                                         bssCOMRAM    000048
_putch                                        text5        00250E
_reg_val                                      bssCOMRAM    000052
_rssi                                         bssCOMRAM    00004A
_sprintf                                      text1        00233C
_string                                       bssBANK0     0000A1
_t_fine                                       bssBANK0     0000B1
_txBuffer                                     bssBANK0     0000BB
_txBuffer1                                    bssCOMRAM    000050
_vfpfcnvrt                                    text3        001C82
_vfprintf                                     text2        0022FE
_width                                        bssBANK0     0000B5
btemp                                         temp         000053
end_of_initialization                         cinit        0022A8
fputc@c                                       cstackCOMRAM 00000D
fputc@fp                                      cstackCOMRAM 00000F
i2UARTWriteByte@data                          cstackCOMRAM 000001
i2UARTWriteStrLn@i                            cstackCOMRAM 000006
i2UARTWriteStrLn@string                       cstackCOMRAM 000002
i2_UARTReadByte                               text33       002508
i2_UARTWriteByte                              text32       0024DA
i2_UARTWriteStrLn                             text31       002198
i2c_read@i2cReadData                          cstackCOMRAM 00000E
i2c_write@i2cWriteData                        cstackCOMRAM 00000E
int$flags                                     temp         000053
intlevel0                                     text         000000
intlevel1                                     text         000000
intlevel2                                     text         000000
intlevel3                                     text         000000
isa$std                                       (abs)        000001
isa$xinst                                     (abs)        000000
main@F6348                                    dataBANK0    0000E2
main@adc_T                                    cstackBANK1  000148
main@bit_vanne                                cstackBANK1  000146
main@check_mesure                             cstackBANK1  000156
main@compteur                                 cstackBANK1  000144
main@degre                                    cstackBANK1  000132
main@myvar3                                   cstackBANK1  000138
main@myvar4                                   cstackBANK1  00013A
main@myvar5                                   cstackBANK1  00013C
main@myvar6                                   cstackBANK1  00013E
main@temp2                                    cstackBANK1  000140
main@temp_32bit                               cstackBANK1  000157
main@temp_LSB                                 cstackBANK1  000143
main@temp_MSB                                 cstackBANK1  000141
main@temp_MidSB                               cstackBANK1  000142
main@temp_air                                 cstackBANK1  000152
main@temp_celsius                             cstackBANK1  000134
main@watt1                                    cstackBANK1  000150
main@watt2                                    cstackBANK1  000151
sprintf@ap                                    cstackCOMRAM 00002B
sprintf@f                                     cstackCOMRAM 00002C
sprintf@fmt                                   cstackCOMRAM 000026
sprintf@s                                     cstackCOMRAM 000024
stackhi                                       (abs)        000000
stacklo                                       (abs)        000000
start                                         init         0000A2
start_initialization                          cinit        00226C
ttemp5                                        temp         000054
ttemp6                                        temp         000057
ttemp7                                        temp         00005B
vfpfcnvrt@ap                                  cstackCOMRAM 000017
vfpfcnvrt@c                                   cstackCOMRAM 00001F
vfpfcnvrt@convarg                             cstackCOMRAM 000019
vfpfcnvrt@cp                                  cstackCOMRAM 00001E
vfpfcnvrt@fmt                                 cstackCOMRAM 000016
vfpfcnvrt@fp                                  cstackCOMRAM 000015
vfpfcnvrt@x                                   cstackCOMRAM 00001D
vfprintf@ap                                   cstackCOMRAM 000022
vfprintf@cfmt                                 cstackCOMRAM 000023
vfprintf@fmt                                  cstackCOMRAM 000021
vfprintf@fp                                   cstackCOMRAM 000020
wtemp8                                        temp         000054


MODULE INFORMATION

Module		Function		Class		Link	Load	Size
/opt/microchip/xc8/v2.46/pic/sources/c99/common/doprnt.c
		_vfpfcnvrt     		CODE           	1C82	0000	366
		_vfprintf      		CODE           	22FE	0000	62

/opt/microchip/xc8/v2.46/pic/sources/c99/common/doprnt.c estimated size: 428

uart.c
		_UARTWriteByte 		CODE           	2498	0000	22
		_UARTInit      		CODE           	2378	0000	54
		_UARTReadByte  		CODE           	2504	0000	4
		_UARTWriteStrLn		CODE           	2114	0000	132

uart.c estimated size: 212

/opt/microchip/xc8/v2.46/pic/sources/c99/common/fltol.c
		___fltol       		CODE           	1DF0	0000	264

/opt/microchip/xc8/v2.46/pic/sources/c99/common/fltol.c estimated size: 264

/opt/microchip/xc8/v2.46/pic/sources/c99/common/nf_sprintf.c
		_sprintf       		CODE           	233C	0000	60

/opt/microchip/xc8/v2.46/pic/sources/c99/common/nf_sprintf.c estimated size: 60

i2c.c
		_i2c_NAK       		CODE           	24AE	0000	22
		_i2c_start     		CODE           	24F0	0000	20
		_i2c_repStart  		CODE           	2468	0000	24
		_i2c_waitForIdle		CODE           	23DA	0000	44
		_i2c_ACK       		CODE           	24C4	0000	22
		_i2c_write     		CODE           	244C	0000	28
		_i2c_stop      		CODE           	2480	0000	24
		_i2c_read      		CODE           	242C	0000	32
		_i2c_init      		CODE           	23AE	0000	44

i2c.c estimated size: 260

/opt/microchip/xc8/v2.46/pic/sources/c99/common/sprcmul.c
		___flmul       		CODE           	1024	0000	1066

/opt/microchip/xc8/v2.46/pic/sources/c99/common/sprcmul.c estimated size: 1066

/opt/microchip/xc8/v2.46/pic/sources/c99/common/sprcdiv.c
		___fldiv       		CODE           	144E	0000	922

/opt/microchip/xc8/v2.46/pic/sources/c99/common/sprcdiv.c estimated size: 922

/opt/microchip/xc8/v2.46/pic/sources/c99/common/xxtofl.c
		___xxtofl      		CODE           	1ACE	0000	436

/opt/microchip/xc8/v2.46/pic/sources/c99/common/xxtofl.c estimated size: 436

shared
		i2_UARTWriteByte		CODE           	24DA	0000	22
		__initialization		CODE           	226C	0000	60
		i2_UARTReadByte		CODE           	2508	0000	4
		i2_UARTWriteStrLn		CODE           	2198	0000	132

shared estimated size: 218

/opt/microchip/xc8/v2.46/pic/sources/c99/common/nf_fputc.c
		_fputc         		CODE           	1EF8	0000	186

/opt/microchip/xc8/v2.46/pic/sources/c99/common/nf_fputc.c estimated size: 186

/opt/microchip/xc8/v2.46/pic/sources/c99/common/sprcadd.c
		___flsub       		CODE           	22B6	0000	72
		___fladd       		CODE           	06D8	0000	1216

/opt/microchip/xc8/v2.46/pic/sources/c99/common/sprcadd.c estimated size: 1288

/opt/microchip/xc8/v2.46/pic/sources/c99/common/putch.c
		_putch         		CODE           	250E	0000	2

/opt/microchip/xc8/v2.46/pic/sources/c99/common/putch.c estimated size: 2

main.c
		_SerialRxPinInterrupt		CODE           	0008	0000	154
		_BME280_Read_Compensation_Params		CODE           	1FB2	0000	180
		_I2C_Write_Register		CODE           	2406	0000	38
		_BME280_Init   		CODE           	221C	0000	80
		_main          		CODE           	0B98	0000	1164
		_BME280_Compensate_Temperature		CODE           	17E8	0000	742
		_BME280_Read_Temperature		CODE           	2066	0000	174

main.c estimated size: 2532

