Microchip MPLAB XC8 Compiler V2.46

Linker command line:

-W-3 --edf=/opt/microchip/xc8/v2.46/pic/dat/20240104201356_en.msgs -cn \
  -h+dist/default/production/Hygrometrie.X.production.sym \
  --cmf=dist/default/production/Hygrometrie.X.production.cmf -z -Q18F46K22 \
  -o/tmp/xcXEgFKfo/driver_tmp_3.o --defsym=__MPLAB_BUILD=1 \
  --fixupoverflow=error \
  -Mdist/default/production/Hygrometrie.X.production.map \
  --md=/tmp/xcXEgFKfo/driver_tmp_0.dat -E1 -ver=XC8 Compiler --acfsm=1493 \
  -ACODE=00h-0FFFFh -ACONST=00h-0FFFFh -ASMALLCONST=01000h-010FFhx240 \
  -AMEDIUMCONST=01000h-0FFFFh -ACOMRAM=01h-05Fh -AABS1=00h-0F37h \
  -ABIGRAM=01h-0F37h -ARAM=060h-0FFh,0100h-01FFhx14,0F00h-0F37h \
  -ABANK0=060h-0FFh -ABANK1=0100h-01FFh -ABANK2=0200h-02FFh \
  -ABANK3=0300h-03FFh -ABANK4=0400h-04FFh -ABANK5=0500h-05FFh \
  -ABANK6=0600h-06FFh -ABANK7=0700h-07FFh -ABANK8=0800h-08FFh \
  -ABANK9=0900h-09FFh -ABANK10=0A00h-0AFFh -ABANK11=0B00h-0BFFh \
  -ABANK12=0C00h-0CFFh -ABANK13=0D00h-0DFFh -ABANK14=0E00h-0EFFh \
  -ABANK15=0F00h-0F37h -ASFR=0F38h-0F5Fh,0F60h-0FFFh -ABIGSFR=0F38h-0FFFh \
  -ACONFIG=0300000h-030000Dh -AIDLOC=0200000h-0200007h \
  -AEEDATA=0F00000h-0F003FFh -peeprom_data=EEDATA \
  -preset_vec=00h,intcode,sivt_hi,intcodelo,sivt_lo,powerup,init \
  -pramtop=01000h -psmallconst=SMALLCONST -pmediumconst=MEDIUMCONST \
  -pconst=CONST -AFARRAM=00h-00h \
  -prdata=COMRAM,nvrram=COMRAM,nvbit=COMRAM,rbss=COMRAM,rbit=COMRAM \
  -pfarbss=FARRAM,fardata=FARRAM,nvFARRAM=FARRAM \
  -pintsave_regs=BIGRAM,bigbss=BIGRAM,bigdata=BIGRAM -pbss=RAM \
  -pidata=CODE,irdata=CODE,ibigdata=CODE,ifardata=CODE -prparam=COMRAM \
  /tmp/xcXEgFKfo/driver_tmp_9.o \
  dist/default/production/Hygrometrie.X.production.o 

Object code version is 3.11

Machine type is 18F46K22



                Name                               Link     Load   Length Selector   Space Scale
/tmp/xcXEgFKfo/driver_tmp_9.o
                config                           300000   300000        E        0       4
                init                                  0        0        4        0       0
dist/default/production/Hygrometrie.X.production.o
                config                           300000   300000        E        0       4
                smallconst                         1000     1000       34      800       0
                text21                             15A2     15A2       14      81A       0
                text20                             1442     1442       2C      81A       0
                text19                             155E     155E       18      81A       0
                text18                             1510     1510       1C      81A       0
                text17                             146E     146E       24      81A       0
                text16                             1412     1412       30      81A       0
                text15                             14F4     14F4       1C      81A       0
                text14                             1358     1358       4C      81A       0
                text13                             152C     152C       1A      81A       0
                text12                             14D4     14D4       20      81A       0
                text11                             1130     1130       E8      81A       0
                text10                             1294     1294       6A      81A       0
                text9                              15B6     15B6       12      81A       0
                text8                              1218     1218       7C      81A       0
                text7                              12FE     12FE       5A      81A       0
                text6                              158C     158C       16      81A       0
                text5                              1576     1576       16      81A       0
                text4                              13A4     13A4       3C      81A       0
                text3                              14B4     14B4       20      81A       0
                text2                              1546     1546       18      81A       0
                text1                              13E0     13E0       32      81A       0
                text0                              1034     1034       FC      81A       0
                cstackCOMRAM                          1        1       2E        1       1
                dataCOMRAM                           2F       2F        2        1       1
                cinit                              1492     1492       22      81A       0
                idataCOMRAM                        15C8     15C8        2      81A       0

TOTAL           Name                               Link     Load   Length     Space
        CLASS   CODE           
                init                                  0        0        4         0
                text21                             15A2     15A2       14         0
                text20                             1442     1442       2C         0
                text19                             155E     155E       18         0
                text18                             1510     1510       1C         0
                text17                             146E     146E       24         0
                text16                             1412     1412       30         0
                text15                             14F4     14F4       1C         0
                text14                             1358     1358       4C         0
                text13                             152C     152C       1A         0
                text12                             14D4     14D4       20         0
                text11                             1130     1130       E8         0
                text10                             1294     1294       6A         0
                text9                              15B6     15B6       12         0
                text8                              1218     1218       7C         0
                text7                              12FE     12FE       5A         0
                text6                              158C     158C       16         0
                text5                              1576     1576       16         0
                text4                              13A4     13A4       3C         0
                text3                              14B4     14B4       20         0
                text2                              1546     1546       18         0
                text1                              13E0     13E0       32         0
                text0                              1034     1034       FC         0
                cinit                              1492     1492       22         0
                idataCOMRAM                        15C8     15C8        2         0

        CLASS   CONST          

        CLASS   SMALLCONST     
                smallconst                         1000     1000       34         0

        CLASS   MEDIUMCONST    

        CLASS   COMRAM         
                cstackCOMRAM                          1        1       2E         1
                dataCOMRAM                           2F       2F        2         1

        CLASS   ABS1           

        CLASS   BIGRAM         

        CLASS   RAM            

        CLASS   BANK0          

        CLASS   BANK1          

        CLASS   BANK2          

        CLASS   BANK3          

        CLASS   BANK4          

        CLASS   BANK5          

        CLASS   BANK6          

        CLASS   BANK7          

        CLASS   BANK8          

        CLASS   BANK9          

        CLASS   BANK10         

        CLASS   BANK11         

        CLASS   BANK12         

        CLASS   BANK13         

        CLASS   BANK14         

        CLASS   BANK15         

        CLASS   SFR            

        CLASS   BIGSFR         

        CLASS   CONFIG         
                config                           300000   300000        E         4

        CLASS   IDLOC          

        CLASS   EEDATA         

        CLASS   FARRAM         

        CLASS   HEAP           

        CLASS   STACK          



SEGMENTS        Name                           Load    Length   Top    Selector   Space  Class

                reset_vec                      000000  000004  000004         0       0  CODE    
                text0                          001034  000596  0015CA       81A       0  CODE    
                cstackCOMRAM                   000001  000030  000031         1       1  COMRAM  
                smallconst                     001000  000034  001034       800       0  SMALLCON


UNUSED ADDRESS RANGES

        Name                Unused          Largest block    Delta
        BANK0            000060-0000FF               A0
        BANK1            000100-0001FF              100
        BANK10           000A00-000AFF              100
        BANK11           000B00-000BFF              100
        BANK12           000C00-000CFF              100
        BANK13           000D00-000DFF              100
        BANK14           000E00-000EFF              100
        BANK15           000F00-000F37               38
        BANK2            000200-0002FF              100
        BANK3            000300-0003FF              100
        BANK4            000400-0004FF              100
        BANK5            000500-0005FF              100
        BANK6            000600-0006FF              100
        BANK7            000700-0007FF              100
        BANK8            000800-0008FF              100
        BANK9            000900-0009FF              100
        BIGRAM           000031-000F37              F07
        BIGSFR           000F38-000FFF               C8
        CODE             000004-000FFF              FFC
                         0015CA-00FFFF             EA36
        COMRAM           000031-00005F               2F
        CONST            000004-000FFF              FFC
                         0015CA-00FFFF             EA36
        EEDATA           F00000-F003FF              400
        IDLOC            200000-200007                8
        MEDIUMCONST      0015CA-00FFFF             EA36
        RAM              000060-000F37              100
        SFR              000F38-000FFF               28
        SMALLCONST       0015CA-00FFFF              100

                                  Symbol Table

I2C_Write_Register@reg      cstackCOMRAM 000005
I2C_Write_Register@value    cstackCOMRAM 000003
LCDGoto@column              cstackCOMRAM 00000B
LCDGoto@row                 cstackCOMRAM 000006
LCDPutChar@data             cstackCOMRAM 000006
LCDWriteHexa@column         cstackCOMRAM 000010
LCDWriteHexa@hexa           cstackCOMRAM 000014
LCDWriteHexa@row            cstackCOMRAM 00000C
LCDWriteHexa@string         cstackCOMRAM 000011
LCDWriteHexa@value          cstackCOMRAM 00000D
LCDWriteStr@i               cstackCOMRAM 00000B
LCDWriteStr@string          cstackCOMRAM 000007
ReadByte@status             cstackCOMRAM 000001
WaitLCD@status              cstackCOMRAM 000002
WriteByte@cmd               cstackCOMRAM 000005
WriteByte@data              cstackCOMRAM 000004
WriteNibble@cmd             cstackCOMRAM 000003
WriteNibble@data            cstackCOMRAM 000001
_ANSELCbits                 (abs)        000F3A
_I2C_Write_Register         text17       00146E
_LATD                       (abs)        000F8C
_LATDbits                   (abs)        000F8C
_LCDClear                   text12       0014D4
_LCDGoto                    text10       001294
_LCDGoto$623                cstackCOMRAM 000009
_LCDInit                    text11       001130
_LCDPutChar                 text9        0015B6
_LCDWriteHexa               text7        0012FE
_LCDWriteStr                text8        001218
_PIR1bits                   (abs)        000F9E
_PIR2bits                   (abs)        000FA1
_PORTD                      (abs)        000F83
_ReadByte                   text16       001412
_SSP1ADD                    (abs)        000FC8
_SSP1BUF                    (abs)        000FC9
_SSP1CON1                   (abs)        000FC6
_SSP1CON2                   (abs)        000FC5
_SSP1CON2bits               (abs)        000FC5
_SSP1CON3bits               (abs)        000FCB
_SSP1STAT                   (abs)        000FC7
_SSP1STATbits               (abs)        000FC7
_TRISCbits                  (abs)        000F94
_TRISDbits                  (abs)        000F95
_WaitLCD                    text15       0014F4
_WriteByte                  text13       00152C
_WriteNibble                text14       001358
__HRAM                      (abs)        000000
__H__absolute__             __absolute__ 000000
__Habs1                     abs1         000000
__Hbank0                    bank0        000000
__Hbank1                    bank1        000000
__Hbank10                   bank10       000000
__Hbank11                   bank11       000000
__Hbank12                   bank12       000000
__Hbank13                   bank13       000000
__Hbank14                   bank14       000000
__Hbank15                   bank15       000000
__Hbank2                    bank2        000000
__Hbank3                    bank3        000000
__Hbank4                    bank4        000000
__Hbank5                    bank5        000000
__Hbank6                    bank6        000000
__Hbank7                    bank7        000000
__Hbank8                    bank8        000000
__Hbank9                    bank9        000000
__Hbigbss                   bigbss       000000
__Hbigdata                  bigdata      000000
__Hbigram                   bigram       000000
__Hbigsfr                   bigsfr       000000
__Hbss                      bss          000000
__Hcinit                    cinit        000000
__Hclrtext                  clrtext      000000
__Hcomram                   comram       000000
__Hconfig                   config       30000E
__Hconst                    const        000000
__HcstackCOMRAM             cstackCOMRAM 000000
__Hdata                     data         000000
__HdataCOMRAM               dataCOMRAM   000000
__Heeprom_data              eeprom_data  000000
__Hfarbss                   farbss       000000
__Hfardata                  fardata      000000
__Hheap                     heap         000000
__Hibigdata                 ibigdata     000000
__Hidata                    idata        000000
__HidataCOMRAM              idataCOMRAM  000000
__Hidloc                    idloc        000000
__Hifardata                 ifardata     000000
__Hinit                     init         000004
__Hintcode                  intcode      000000
__Hintcode_body             intcode_body 000000
__Hintcodelo                intcodelo    000000
__Hintentry                 intentry     000000
__Hintret                   intret       000000
__Hintsave_regs             intsave_regs 000000
__Hirdata                   irdata       000000
__Hmediumconst              mediumconst  000000
__HnvFARRAM                 nvFARRAM     000000
__Hnvbit                    nvbit        000000
__Hnvrram                   nvrram       000000
__Hparam                    rparam       000000
__Hpowerup                  powerup      000000
__Hram                      ram          000000
__Hramtop                   ramtop       001000
__Hrbit                     rbit         000000
__Hrbss                     rbss         000000
__Hrdata                    rdata        000000
__Hreset_vec                reset_vec    000000
__Hrparam                   rparam       000000
__Hsfr                      sfr          000000
__Hsivt_hi                  sivt_hi      000000
__Hsivt_lo                  sivt_lo      000000
__Hsmallconst               smallconst   001034
__Hspace_0                  (abs)        0015CA
__Hspace_1                  (abs)        000031
__Hspace_2                  (abs)        000000
__Hspace_4                  (abs)        60000E
__Hstack                    stack        000000
__Hstruct                   struct       000000
__Htemp                     temp         000000
__Htext                     text         000000
__Htext0                    text0        000000
__Htext1                    text1        000000
__Htext10                   text10       000000
__Htext11                   text11       000000
__Htext12                   text12       000000
__Htext13                   text13       000000
__Htext14                   text14       000000
__Htext15                   text15       000000
__Htext16                   text16       000000
__Htext17                   text17       000000
__Htext18                   text18       000000
__Htext19                   text19       000000
__Htext2                    text2        000000
__Htext20                   text20       000000
__Htext21                   text21       000000
__Htext3                    text3        000000
__Htext4                    text4        000000
__Htext5                    text5        000000
__Htext6                    text6        000000
__Htext7                    text7        000000
__Htext8                    text8        000000
__Htext9                    text9        000000
__LRAM                      (abs)        000001
__L__absolute__             __absolute__ 000000
__Labs1                     abs1         000000
__Lbank0                    bank0        000000
__Lbank1                    bank1        000000
__Lbank10                   bank10       000000
__Lbank11                   bank11       000000
__Lbank12                   bank12       000000
__Lbank13                   bank13       000000
__Lbank14                   bank14       000000
__Lbank15                   bank15       000000
__Lbank2                    bank2        000000
__Lbank3                    bank3        000000
__Lbank4                    bank4        000000
__Lbank5                    bank5        000000
__Lbank6                    bank6        000000
__Lbank7                    bank7        000000
__Lbank8                    bank8        000000
__Lbank9                    bank9        000000
__Lbigbss                   bigbss       000000
__Lbigdata                  bigdata      000000
__Lbigram                   bigram       000000
__Lbigsfr                   bigsfr       000000
__Lbss                      bss          000000
__Lcinit                    cinit        000000
__Lclrtext                  clrtext      000000
__Lcomram                   comram       000000
__Lconfig                   config       000000
__Lconst                    const        000000
__LcstackCOMRAM             cstackCOMRAM 000000
__Ldata                     data         000000
__LdataCOMRAM               dataCOMRAM   000000
__Leeprom_data              eeprom_data  000000
__Lfarbss                   farbss       000000
__Lfardata                  fardata      000000
__Lheap                     heap         000000
__Libigdata                 ibigdata     000000
__Lidata                    idata        000000
__LidataCOMRAM              idataCOMRAM  000000
__Lidloc                    idloc        000000
__Lifardata                 ifardata     000000
__Linit                     init         000000
__Lintcode                  intcode      000000
__Lintcode_body             intcode_body 000000
__Lintcodelo                intcodelo    000000
__Lintentry                 intentry     000000
__Lintret                   intret       000000
__Lintsave_regs             intsave_regs 000000
__Lirdata                   irdata       000000
__Lmediumconst              mediumconst  000000
__LnvFARRAM                 nvFARRAM     000000
__Lnvbit                    nvbit        000000
__Lnvrram                   nvrram       000000
__Lparam                    rparam       000000
__Lpowerup                  powerup      000000
__Lram                      ram          000000
__Lramtop                   ramtop       001000
__Lrbit                     rbit         000000
__Lrbss                     rbss         000000
__Lrdata                    rdata        000000
__Lreset_vec                reset_vec    000000
__Lrparam                   rparam       000000
__Lsfr                      sfr          000000
__Lsivt_hi                  sivt_hi      000000
__Lsivt_lo                  sivt_lo      000000
__Lsmallconst               smallconst   001000
__Lspace_0                  (abs)        000000
__Lspace_1                  (abs)        000000
__Lspace_2                  (abs)        000000
__Lspace_4                  (abs)        000000
__Lstack                    stack        000000
__Lstruct                   struct       000000
__Ltemp                     temp         000000
__Ltext                     text         000000
__Ltext0                    text0        000000
__Ltext1                    text1        000000
__Ltext10                   text10       000000
__Ltext11                   text11       000000
__Ltext12                   text12       000000
__Ltext13                   text13       000000
__Ltext14                   text14       000000
__Ltext15                   text15       000000
__Ltext16                   text16       000000
__Ltext17                   text17       000000
__Ltext18                   text18       000000
__Ltext19                   text19       000000
__Ltext2                    text2        000000
__Ltext20                   text20       000000
__Ltext21                   text21       000000
__Ltext3                    text3        000000
__Ltext4                    text4        000000
__Ltext5                    text5        000000
__Ltext6                    text6        000000
__Ltext7                    text7        000000
__Ltext8                    text8        000000
__Ltext9                    text9        000000
__S0                        (abs)        0015CA
__S1                        (abs)        000031
__S4                        (abs)        000000
__S5                        (abs)        000000
___heap_hi                  (abs)        000000
___heap_lo                  (abs)        000000
___inthi_sp                 stack        000000
___inthi_stack_hi           stack        000000
___inthi_stack_lo           stack        000000
___intlo_sp                 stack        000000
___intlo_stack_hi           stack        000000
___intlo_stack_lo           stack        000000
___param_bank               (abs)        000000
___rparam_used              (abs)        000001
___sp                       stack        000000
___stack_hi                 stack        000000
___stack_lo                 stack        000000
__accesstop                 (abs)        000060
__activetblptr              (abs)        000002
__end_of_I2C_Write_Register text17       001492
__end_of_LCDClear           text12       0014F4
__end_of_LCDGoto            text10       0012FE
__end_of_LCDInit            text11       001218
__end_of_LCDPutChar         text9        0015C8
__end_of_LCDWriteHexa       text7        001358
__end_of_LCDWriteStr        text8        001294
__end_of_ReadByte           text16       001442
__end_of_WaitLCD            text15       001510
__end_of_WriteByte          text13       001546
__end_of_WriteNibble        text14       0013A4
__end_of__initialization    cinit        0014AA
__end_of_i2c_ACK            text6        0015A2
__end_of_i2c_NAK            text5        00158C
__end_of_i2c_init           text4        0013E0
__end_of_i2c_read           text3        0014D4
__end_of_i2c_repStart       text2        00155E
__end_of_i2c_start          text21       0015B6
__end_of_i2c_stop           text19       001576
__end_of_i2c_waitForIdle    text20       00146E
__end_of_i2c_write          text18       00152C
__end_of_main               text0        001130
__end_of_strcpy             text1        001412
__initialization            cinit        001492
__mediumconst               mediumconst  000000
__pcinit                    cinit        001492
__pcstackCOMRAM             cstackCOMRAM 000001
__pdataCOMRAM               dataCOMRAM   00002F
__pidataCOMRAM              idataCOMRAM  0015C8
__psmallconst               smallconst   001000
__ptext0                    text0        001034
__ptext1                    text1        0013E0
__ptext10                   text10       001294
__ptext11                   text11       001130
__ptext12                   text12       0014D4
__ptext13                   text13       00152C
__ptext14                   text14       001358
__ptext15                   text15       0014F4
__ptext16                   text16       001412
__ptext17                   text17       00146E
__ptext18                   text18       001510
__ptext19                   text19       00155E
__ptext2                    text2        001546
__ptext20                   text20       001442
__ptext21                   text21       0015A2
__ptext3                    text3        0014B4
__ptext4                    text4        0013A4
__ptext5                    text5        001576
__ptext6                    text6        00158C
__ptext7                    text7        0012FE
__ptext8                    text8        001218
__ptext9                    text9        0015B6
__ramtop                    ramtop       001000
__smallconst                smallconst   001000
_i2c_ACK                    text6        00158C
_i2c_NAK                    text5        001576
_i2c_init                   text4        0013A4
_i2c_read                   text3        0014B4
_i2c_repStart               text2        001546
_i2c_start                  text21       0015A2
_i2c_stop                   text19       00155E
_i2c_waitForIdle            text20       001442
_i2c_write                  text18       001510
_main                       text0        001034
_strcpy                     text1        0013E0
end_of_initialization       cinit        0014AA
i2c_read@i2cReadData        cstackCOMRAM 000002
i2c_write@i2cWriteData      cstackCOMRAM 000002
intlevel0                   text         000000
intlevel1                   text         000000
intlevel2                   text         000000
intlevel3                   text         000000
isa$std                     (abs)        000001
isa$xinst                   (abs)        000000
main@F6555                  dataCOMRAM   00002F
main@degre                  cstackCOMRAM 00002B
main@string                 cstackCOMRAM 00001B
main@temp                   cstackCOMRAM 00002D
main@temp2                  cstackCOMRAM 00002E
stackhi                     (abs)        000000
stacklo                     (abs)        000000
start                       init         000000
start_initialization        cinit        001492
strcpy@d                    cstackCOMRAM 000004
strcpy@dest                 cstackCOMRAM 000001
strcpy@src                  cstackCOMRAM 000002


MODULE INFORMATION

Module		Function		Class		Link	Load	Size
i2c.c
		_i2c_NAK       		CODE           	1576	0000	22
		_i2c_start     		CODE           	15A2	0000	20
		_i2c_repStart  		CODE           	1546	0000	24
		_i2c_waitForIdle		CODE           	1442	0000	44
		_i2c_ACK       		CODE           	158C	0000	22
		_i2c_write     		CODE           	1510	0000	28
		_i2c_stop      		CODE           	155E	0000	24
		_i2c_read      		CODE           	14B4	0000	32
		_i2c_init      		CODE           	13A4	0000	60

i2c.c estimated size: 276

shared
		__initialization		CODE           	1492	0000	24

shared estimated size: 24

/opt/microchip/xc8/v2.46/pic/sources/c99/common/strcpy.c
		_strcpy        		CODE           	13E0	0000	50

/opt/microchip/xc8/v2.46/pic/sources/c99/common/strcpy.c estimated size: 50

lcd.c
		_LCDClear      		CODE           	14D4	0000	32
		_LCDPutChar    		CODE           	15B6	0000	18
		_WriteByte     		CODE           	152C	0000	26
		_LCDWriteStr   		CODE           	1218	0000	124
		_LCDWriteHexa  		CODE           	12FE	0000	90
		_LCDInit       		CODE           	1130	0000	232
		_WriteNibble   		CODE           	1358	0000	76
		_WaitLCD       		CODE           	14F4	0000	28
		_ReadByte      		CODE           	1412	0000	48
		_LCDGoto       		CODE           	1294	0000	106

lcd.c estimated size: 780

mesure_temp.c
		_I2C_Write_Register		CODE           	146E	0000	36
		_main          		CODE           	1034	0000	252

mesure_temp.c estimated size: 288

