Microchip MPLAB XC8 Compiler V2.46

Linker command line:

-W-3 --edf=/opt/microchip/xc8/v2.46/pic/dat/20240104201356_en.msgs -cn \
  -h+dist/default/production/Regroupement_capteurs.X.production.sym \
  --cmf=dist/default/production/Regroupement_capteurs.X.production.cmf -z \
  -Q18F46K22 -o/tmp/xcXFLjOCb/driver_tmp_3.o --defsym=__MPLAB_BUILD=1 \
  --fixupoverflow=error \
  -Mdist/default/production/Regroupement_capteurs.X.production.map \
  --md=/tmp/xcXFLjOCb/driver_tmp_0.dat -E1 -ver=XC8 Compiler --acfsm=1493 \
  -ACODE=00h-0FFFFh -ACONST=00h-0FFFFh -ASMALLCONST=01000h-010FFhx240 \
  -AMEDIUMCONST=01000h-0FFFFh -ACOMRAM=01h-05Fh -AABS1=00h-0F37h \
  -ABIGRAM=01h-0F37h -ARAM=060h-0FFh,0100h-01FFhx14,0F00h-0F37h \
  -ABANK0=060h-0FFh -ABANK1=0100h-01FFh -ABANK2=0200h-02FFh \
  -ABANK3=0300h-03FFh -ABANK4=0400h-04FFh -ABANK5=0500h-05FFh \
  -ABANK6=0600h-06FFh -ABANK7=0700h-07FFh -ABANK8=0800h-08FFh \
  -ABANK9=0900h-09FFh -ABANK10=0A00h-0AFFh -ABANK11=0B00h-0BFFh \
  -ABANK12=0C00h-0CFFh -ABANK13=0D00h-0DFFh -ABANK14=0E00h-0EFFh \
  -ABANK15=0F00h-0F37h -ASFR=0F38h-0F5Fh,0F60h-0FFFh -ABIGSFR=0F38h-0FFFh \
  -ACONFIG=0300000h-030000Dh -AIDLOC=0200000h-0200007h \
  -AEEDATA=0F00000h-0F003FFh -peeprom_data=EEDATA \
  -preset_vec=00h,intcode,sivt_hi,intcodelo,sivt_lo,powerup,init \
  -pramtop=01000h -psmallconst=SMALLCONST -pmediumconst=MEDIUMCONST \
  -pconst=CONST -AFARRAM=00h-00h \
  -prdata=COMRAM,nvrram=COMRAM,nvbit=COMRAM,rbss=COMRAM,rbit=COMRAM \
  -pfarbss=FARRAM,fardata=FARRAM,nvFARRAM=FARRAM \
  -pintsave_regs=BIGRAM,bigbss=BIGRAM,bigdata=BIGRAM -pbss=RAM \
  -pidata=CODE,irdata=CODE,ibigdata=CODE,ifardata=CODE -prparam=COMRAM \
  /tmp/xcXFLjOCb/driver_tmp_9.o \
  dist/default/production/Regroupement_capteurs.X.production.o 

Object code version is 3.11

Machine type is 18F46K22



                Name                               Link     Load   Length Selector   Space Scale
/tmp/xcXFLjOCb/driver_tmp_9.o
                config                           300000   300000        E        0       4
                init                                  0        0        4        0       0
dist/default/production/Regroupement_capteurs.X.production.o
                config                           300000   300000        E        0       4
                smallconst                         1000     1000       18      800       0
                text33                             1902     1902      39A      80C       0
                text32                             14D8     14D8      42A      80C       0
                text31                             1018     1018      4C0      80C       0
                text30                             2A50     2A50       46      80C       0
                text29                             234C     234C      106      80C       0
                text28                             2198     2198      1B4      80C       0
                text27                             1C9C     1C9C      2E4      80C       0
                text26                             2C70     2C70       14      80C       0
                text25                             2B30     2B30       2C      80C       0
                text24                             2C2C     2C2C       18      80C       0
                text23                             2BDE     2BDE       1C      80C       0
                text22                             29B4     29B4       50      80C       0
                text21                             2C5A     2C5A       16      80C       0
                text20                             2C44     2C44       16      80C       0
                text19                             2BA2     2BA2       20      80C       0
                text18                             26E8     26E8       B4      80C       0
                text17                             2AD2     2AD2       30      80C       0
                text16                             2BC2     2BC2       1C      80C       0
                text15                             2A04     2A04       4C      80C       0
                text14                             2BFA     2BFA       1A      80C       0
                text13                             288C     288C       6A      80C       0
                text12                             2C84     2C84       12      80C       0
                text11                             279C     279C       7C      80C       0
                text10                             295A     295A       5A      80C       0
                text9                              253A     253A       D8      80C       0
                text8                              2B5C     2B5C       26      80C       0
                text7                              2B82     2B82       20      80C       0
                text6                              2452     2452       E8      80C       0
                text5                              2818     2818       74      80C       0
                text4                              28F6     28F6       64      80C       0
                text3                              2612     2612       D6      80C       0
                text2                              2A96     2A96       3C      80C       0
                text1                              2C14     2C14       18      80C       0
                text0                              1F80     1F80      218      80C       0
                cstackCOMRAM                          1        1       5F        1       1
                cstackBANK0                          85       85       13       60       1
                dataBANK0                            98       98        2       60       1
                bssBANK0                             60       60       25       60       1
                cinit                              2B02     2B02       2E      80C       0
                idataBANK0                         2C96     2C96        2      80C       0

TOTAL           Name                               Link     Load   Length     Space
        CLASS   CODE           
                init                                  0        0        4         0
                text33                             1902     1902      39A         0
                text32                             14D8     14D8      42A         0
                text31                             1018     1018      4C0         0
                text30                             2A50     2A50       46         0
                text29                             234C     234C      106         0
                text28                             2198     2198      1B4         0
                text27                             1C9C     1C9C      2E4         0
                text26                             2C70     2C70       14         0
                text25                             2B30     2B30       2C         0
                text24                             2C2C     2C2C       18         0
                text23                             2BDE     2BDE       1C         0
                text22                             29B4     29B4       50         0
                text21                             2C5A     2C5A       16         0
                text20                             2C44     2C44       16         0
                text19                             2BA2     2BA2       20         0
                text18                             26E8     26E8       B4         0
                text17                             2AD2     2AD2       30         0
                text16                             2BC2     2BC2       1C         0
                text15                             2A04     2A04       4C         0
                text14                             2BFA     2BFA       1A         0
                text13                             288C     288C       6A         0
                text12                             2C84     2C84       12         0
                text11                             279C     279C       7C         0
                text10                             295A     295A       5A         0
                text9                              253A     253A       D8         0
                text8                              2B5C     2B5C       26         0
                text7                              2B82     2B82       20         0
                text6                              2452     2452       E8         0
                text5                              2818     2818       74         0
                text4                              28F6     28F6       64         0
                text3                              2612     2612       D6         0
                text2                              2A96     2A96       3C         0
                text1                              2C14     2C14       18         0
                text0                              1F80     1F80      218         0
                cinit                              2B02     2B02       2E         0
                idataBANK0                         2C96     2C96        2         0

        CLASS   CONST          

        CLASS   SMALLCONST     
                smallconst                         1000     1000       18         0

        CLASS   MEDIUMCONST    

        CLASS   COMRAM         
                cstackCOMRAM                          1        1       5F         1

        CLASS   ABS1           

        CLASS   BIGRAM         

        CLASS   RAM            

        CLASS   BANK0          
                cstackBANK0                          85       85       13         1
                dataBANK0                            98       98        2         1
                bssBANK0                             60       60       25         1

        CLASS   BANK1          

        CLASS   BANK2          

        CLASS   BANK3          

        CLASS   BANK4          

        CLASS   BANK5          

        CLASS   BANK6          

        CLASS   BANK7          

        CLASS   BANK8          

        CLASS   BANK9          

        CLASS   BANK10         

        CLASS   BANK11         

        CLASS   BANK12         

        CLASS   BANK13         

        CLASS   BANK14         

        CLASS   BANK15         

        CLASS   SFR            

        CLASS   BIGSFR         

        CLASS   CONFIG         
                config                           300000   300000        E         4

        CLASS   IDLOC          

        CLASS   EEDATA         

        CLASS   FARRAM         

        CLASS   HEAP           

        CLASS   STACK          



SEGMENTS        Name                           Load    Length   Top    Selector   Space  Class

                reset_vec                      000000  000004  000004         0       0  CODE    
                text31                         001018  001C80  002C98       80C       0  CODE    
                bssBANK0                       000060  00003A  00009A        60       1  BANK0   
                cstackCOMRAM                   000001  00005F  000060         1       1  COMRAM  
                smallconst                     001000  000018  001018       800       0  SMALLCON


UNUSED ADDRESS RANGES

        Name                Unused          Largest block    Delta
        BANK0            00009A-0000FF               66
        BANK1            000100-0001FF              100
        BANK10           000A00-000AFF              100
        BANK11           000B00-000BFF              100
        BANK12           000C00-000CFF              100
        BANK13           000D00-000DFF              100
        BANK14           000E00-000EFF              100
        BANK15           000F00-000F37               38
        BANK2            000200-0002FF              100
        BANK3            000300-0003FF              100
        BANK4            000400-0004FF              100
        BANK5            000500-0005FF              100
        BANK6            000600-0006FF              100
        BANK7            000700-0007FF              100
        BANK8            000800-0008FF              100
        BANK9            000900-0009FF              100
        BIGRAM           00009A-000F37              E9E
        BIGSFR           000F38-000FFF               C8
        CODE             000004-000FFF              FFC
                         002C98-00FFFF             D368
        CONST            000004-000FFF              FFC
                         002C98-00FFFF             D368
        EEDATA           F00000-F003FF              400
        IDLOC            200000-200007                8
        MEDIUMCONST      002C98-00FFFF             D368
        RAM              00009A-000F37              100
        SFR              000F38-000FFF               28
        SMALLCONST       002C98-00FFFF              100

                                  Symbol Table

?_BME280_Compensate_Temperature               cstackCOMRAM 000042
?_BME280_Read_Temperature                     cstackCOMRAM 000015
?___fladd                                     cstackCOMRAM 000001
?___fldiv                                     cstackCOMRAM 00001F
?___flmul                                     cstackCOMRAM 00001F
?___flsub                                     cstackCOMRAM 000038
?___fltol                                     cstackCOMRAM 000038
?___lwdiv                                     cstackCOMRAM 000001
?___lwmod                                     cstackCOMRAM 000042
?___xxtofl                                    cstackCOMRAM 000011
BME280_Compensate_Temperature@adc_T           cstackCOMRAM 000042
BME280_Compensate_Temperature@temperature     cstackCOMRAM 00004A
BME280_Compensate_Temperature@temperature_max cstackCOMRAM 000046
BME280_Compensate_Temperature@var1            cstackCOMRAM 000052
BME280_Compensate_Temperature@var2            cstackCOMRAM 000056
BME280_Read_Compensation_Params@data          cstackCOMRAM 000005
BME280_Read_Compensation_Params@i             cstackCOMRAM 000011
BME280_Read_Temperature@adc_T                 cstackCOMRAM 000020
BME280_Read_Temperature@lsb                   cstackCOMRAM 000025
BME280_Read_Temperature@msb                   cstackCOMRAM 000024
BME280_Read_Temperature@xlsb                  cstackCOMRAM 000026
I2C_Write_Register@address                    cstackCOMRAM 000005
I2C_Write_Register@reg                        cstackCOMRAM 000007
I2C_Write_Register@value                      cstackCOMRAM 000003
LCDGoto@column                                cstackCOMRAM 00000B
LCDGoto@row                                   cstackCOMRAM 000006
LCDPutChar@data                               cstackCOMRAM 000006
LCDWriteFloat@column                          cstackCOMRAM 00004C
LCDWriteFloat@integer                         cstackCOMRAM 000052
LCDWriteFloat@row                             cstackCOMRAM 000047
LCDWriteFloat@string                          cstackCOMRAM 00004D
LCDWriteFloat@value                           cstackCOMRAM 000048
LCDWriteHexa@column                           cstackCOMRAM 000010
LCDWriteHexa@hexa                             cstackCOMRAM 000014
LCDWriteHexa@row                              cstackCOMRAM 00000C
LCDWriteHexa@string                           cstackCOMRAM 000011
LCDWriteHexa@value                            cstackCOMRAM 00000D
LCDWriteStr@i                                 cstackCOMRAM 00000B
LCDWriteStr@string                            cstackCOMRAM 000007
ReadByte@status                               cstackCOMRAM 000001
WaitLCD@status                                cstackCOMRAM 000002
WriteByte@cmd                                 cstackCOMRAM 000005
WriteByte@data                                cstackCOMRAM 000004
WriteNibble@cmd                               cstackCOMRAM 000003
WriteNibble@data                              cstackCOMRAM 000001
_ANSELCbits                                   (abs)        000F3A
_BME280_Compensate_Temperature                text27       001C9C
_BME280_Compensate_Temperature$1705           cstackCOMRAM 00004E
_BME280_Init                                  text22       0029B4
_BME280_Read_Compensation_Params              text18       0026E8
_BME280_Read_Temperature                      text9        00253A
_I2C_Write_Register                           text8        002B5C
_LATD                                         (abs)        000F8C
_LATDbits                                     (abs)        000F8C
_LCDClear                                     text7        002B82
_LCDGoto                                      text13       00288C
_LCDGoto$623                                  cstackCOMRAM 000009
_LCDInit                                      text6        002452
_LCDPutChar                                   text12       002C84
_LCDWriteFloat                                text3        002612
_LCDWriteHexa                                 text10       00295A
_LCDWriteStr                                  text11       00279C
_PIR1bits                                     (abs)        000F9E
_PIR2bits                                     (abs)        000FA1
_PORTD                                        (abs)        000F83
_ReadByte                                     text17       002AD2
_SSP1ADD                                      (abs)        000FC8
_SSP1BUF                                      (abs)        000FC9
_SSP1CON1                                     (abs)        000FC6
_SSP1CON2                                     (abs)        000FC5
_SSP1CON2bits                                 (abs)        000FC5
_SSP1CON3bits                                 (abs)        000FCB
_SSP1STAT                                     (abs)        000FC7
_SSP1STATbits                                 (abs)        000FC7
_SSPBUF                                       (abs)        000FC9
_SSPCON2bits                                  (abs)        000FC5
_SSPSTATbits                                  (abs)        000FC7
_TRISCbits                                    (abs)        000F94
_TRISDbits                                    (abs)        000F95
_WaitLCD                                      text16       002BC2
_WriteByte                                    text14       002BFA
_WriteNibble                                  text15       002A04
__HRAM                                        (abs)        000000
__H__absolute__                               __absolute__ 000000
__Habs1                                       abs1         000000
__Hbank0                                      bank0        000000
__Hbank1                                      bank1        000000
__Hbank10                                     bank10       000000
__Hbank11                                     bank11       000000
__Hbank12                                     bank12       000000
__Hbank13                                     bank13       000000
__Hbank14                                     bank14       000000
__Hbank15                                     bank15       000000
__Hbank2                                      bank2        000000
__Hbank3                                      bank3        000000
__Hbank4                                      bank4        000000
__Hbank5                                      bank5        000000
__Hbank6                                      bank6        000000
__Hbank7                                      bank7        000000
__Hbank8                                      bank8        000000
__Hbank9                                      bank9        000000
__Hbigbss                                     bigbss       000000
__Hbigdata                                    bigdata      000000
__Hbigram                                     bigram       000000
__Hbigsfr                                     bigsfr       000000
__Hbss                                        bss          000000
__HbssBANK0                                   bssBANK0     000000
__Hcinit                                      cinit        000000
__Hclrtext                                    clrtext      000000
__Hcomram                                     comram       000000
__Hconfig                                     config       30000E
__Hconst                                      const        000000
__HcstackBANK0                                cstackBANK0  000000
__HcstackCOMRAM                               cstackCOMRAM 000000
__Hdata                                       data         000000
__HdataBANK0                                  dataBANK0    000000
__Heeprom_data                                eeprom_data  000000
__Hfarbss                                     farbss       000000
__Hfardata                                    fardata      000000
__Hheap                                       heap         000000
__Hibigdata                                   ibigdata     000000
__Hidata                                      idata        000000
__HidataBANK0                                 idataBANK0   000000
__Hidloc                                      idloc        000000
__Hifardata                                   ifardata     000000
__Hinit                                       init         000004
__Hintcode                                    intcode      000000
__Hintcode_body                               intcode_body 000000
__Hintcodelo                                  intcodelo    000000
__Hintentry                                   intentry     000000
__Hintret                                     intret       000000
__Hintsave_regs                               intsave_regs 000000
__Hirdata                                     irdata       000000
__Hmediumconst                                mediumconst  000000
__HnvFARRAM                                   nvFARRAM     000000
__Hnvbit                                      nvbit        000000
__Hnvrram                                     nvrram       000000
__Hparam                                      rparam       000000
__Hpowerup                                    powerup      000000
__Hram                                        ram          000000
__Hramtop                                     ramtop       001000
__Hrbit                                       rbit         000000
__Hrbss                                       rbss         000000
__Hrdata                                      rdata        000000
__Hreset_vec                                  reset_vec    000000
__Hrparam                                     rparam       000000
__Hsfr                                        sfr          000000
__Hsivt_hi                                    sivt_hi      000000
__Hsivt_lo                                    sivt_lo      000000
__Hsmallconst                                 smallconst   001018
__Hspace_0                                    (abs)        002C98
__Hspace_1                                    (abs)        00009A
__Hspace_2                                    (abs)        000000
__Hspace_4                                    (abs)        60000E
__Hstack                                      stack        000000
__Hstruct                                     struct       000000
__Htemp                                       temp         000000
__Htext                                       text         000000
__Htext0                                      text0        000000
__Htext1                                      text1        000000
__Htext10                                     text10       000000
__Htext11                                     text11       000000
__Htext12                                     text12       000000
__Htext13                                     text13       000000
__Htext14                                     text14       000000
__Htext15                                     text15       000000
__Htext16                                     text16       000000
__Htext17                                     text17       000000
__Htext18                                     text18       000000
__Htext19                                     text19       000000
__Htext2                                      text2        000000
__Htext20                                     text20       000000
__Htext21                                     text21       000000
__Htext22                                     text22       000000
__Htext23                                     text23       000000
__Htext24                                     text24       000000
__Htext25                                     text25       000000
__Htext26                                     text26       000000
__Htext27                                     text27       000000
__Htext28                                     text28       000000
__Htext29                                     text29       000000
__Htext3                                      text3        000000
__Htext30                                     text30       000000
__Htext31                                     text31       000000
__Htext32                                     text32       000000
__Htext33                                     text33       000000
__Htext4                                      text4        000000
__Htext5                                      text5        000000
__Htext6                                      text6        000000
__Htext7                                      text7        000000
__Htext8                                      text8        000000
__Htext9                                      text9        000000
__LRAM                                        (abs)        000001
__L__absolute__                               __absolute__ 000000
__Labs1                                       abs1         000000
__Lbank0                                      bank0        000000
__Lbank1                                      bank1        000000
__Lbank10                                     bank10       000000
__Lbank11                                     bank11       000000
__Lbank12                                     bank12       000000
__Lbank13                                     bank13       000000
__Lbank14                                     bank14       000000
__Lbank15                                     bank15       000000
__Lbank2                                      bank2        000000
__Lbank3                                      bank3        000000
__Lbank4                                      bank4        000000
__Lbank5                                      bank5        000000
__Lbank6                                      bank6        000000
__Lbank7                                      bank7        000000
__Lbank8                                      bank8        000000
__Lbank9                                      bank9        000000
__Lbigbss                                     bigbss       000000
__Lbigdata                                    bigdata      000000
__Lbigram                                     bigram       000000
__Lbigsfr                                     bigsfr       000000
__Lbss                                        bss          000000
__LbssBANK0                                   bssBANK0     000000
__Lcinit                                      cinit        000000
__Lclrtext                                    clrtext      000000
__Lcomram                                     comram       000000
__Lconfig                                     config       000000
__Lconst                                      const        000000
__LcstackBANK0                                cstackBANK0  000000
__LcstackCOMRAM                               cstackCOMRAM 000000
__Ldata                                       data         000000
__LdataBANK0                                  dataBANK0    000000
__Leeprom_data                                eeprom_data  000000
__Lfarbss                                     farbss       000000
__Lfardata                                    fardata      000000
__Lheap                                       heap         000000
__Libigdata                                   ibigdata     000000
__Lidata                                      idata        000000
__LidataBANK0                                 idataBANK0   000000
__Lidloc                                      idloc        000000
__Lifardata                                   ifardata     000000
__Linit                                       init         000000
__Lintcode                                    intcode      000000
__Lintcode_body                               intcode_body 000000
__Lintcodelo                                  intcodelo    000000
__Lintentry                                   intentry     000000
__Lintret                                     intret       000000
__Lintsave_regs                               intsave_regs 000000
__Lirdata                                     irdata       000000
__Lmediumconst                                mediumconst  000000
__LnvFARRAM                                   nvFARRAM     000000
__Lnvbit                                      nvbit        000000
__Lnvrram                                     nvrram       000000
__Lparam                                      rparam       000000
__Lpowerup                                    powerup      000000
__Lram                                        ram          000000
__Lramtop                                     ramtop       001000
__Lrbit                                       rbit         000000
__Lrbss                                       rbss         000000
__Lrdata                                      rdata        000000
__Lreset_vec                                  reset_vec    000000
__Lrparam                                     rparam       000000
__Lsfr                                        sfr          000000
__Lsivt_hi                                    sivt_hi      000000
__Lsivt_lo                                    sivt_lo      000000
__Lsmallconst                                 smallconst   001000
__Lspace_0                                    (abs)        000000
__Lspace_1                                    (abs)        000000
__Lspace_2                                    (abs)        000000
__Lspace_4                                    (abs)        000000
__Lstack                                      stack        000000
__Lstruct                                     struct       000000
__Ltemp                                       temp         000000
__Ltext                                       text         000000
__Ltext0                                      text0        000000
__Ltext1                                      text1        000000
__Ltext10                                     text10       000000
__Ltext11                                     text11       000000
__Ltext12                                     text12       000000
__Ltext13                                     text13       000000
__Ltext14                                     text14       000000
__Ltext15                                     text15       000000
__Ltext16                                     text16       000000
__Ltext17                                     text17       000000
__Ltext18                                     text18       000000
__Ltext19                                     text19       000000
__Ltext2                                      text2        000000
__Ltext20                                     text20       000000
__Ltext21                                     text21       000000
__Ltext22                                     text22       000000
__Ltext23                                     text23       000000
__Ltext24                                     text24       000000
__Ltext25                                     text25       000000
__Ltext26                                     text26       000000
__Ltext27                                     text27       000000
__Ltext28                                     text28       000000
__Ltext29                                     text29       000000
__Ltext3                                      text3        000000
__Ltext30                                     text30       000000
__Ltext31                                     text31       000000
__Ltext32                                     text32       000000
__Ltext33                                     text33       000000
__Ltext4                                      text4        000000
__Ltext5                                      text5        000000
__Ltext6                                      text6        000000
__Ltext7                                      text7        000000
__Ltext8                                      text8        000000
__Ltext9                                      text9        000000
__S0                                          (abs)        002C98
__S1                                          (abs)        00009A
__S4                                          (abs)        000000
__S5                                          (abs)        000000
___fladd                                      text31       001018
___fladd@a                                    cstackCOMRAM 000005
___fladd@aexp                                 cstackCOMRAM 00000E
___fladd@b                                    cstackCOMRAM 000001
___fladd@bexp                                 cstackCOMRAM 00000F
___fladd@grs                                  cstackCOMRAM 000010
___fladd@signs                                cstackCOMRAM 00000D
___fldiv                                      text33       001902
___fldiv@a                                    cstackCOMRAM 000023
___fldiv@aexp                                 cstackCOMRAM 000037
___fldiv@b                                    cstackCOMRAM 00001F
___fldiv@bexp                                 cstackCOMRAM 000036
___fldiv@grs                                  cstackCOMRAM 000032
___fldiv@new_exp                              cstackCOMRAM 000030
___fldiv@rem                                  cstackCOMRAM 00002B
___fldiv@sign                                 cstackCOMRAM 00002F
___flmul                                      text32       0014D8
___flmul@a                                    cstackCOMRAM 000023
___flmul@aexp                                 cstackCOMRAM 000030
___flmul@b                                    cstackCOMRAM 00001F
___flmul@bexp                                 cstackCOMRAM 000031
___flmul@grs                                  cstackCOMRAM 00002C
___flmul@prod                                 cstackCOMRAM 000032
___flmul@sign                                 cstackCOMRAM 00002B
___flmul@temp                                 cstackCOMRAM 000036
___flsub                                      text30       002A50
___flsub@a                                    cstackCOMRAM 00003C
___flsub@b                                    cstackCOMRAM 000038
___fltol                                      text29       00234C
___fltol@exp1                                 cstackCOMRAM 000041
___fltol@f1                                   cstackCOMRAM 000038
___fltol@sign1                                cstackCOMRAM 000040
___heap_hi                                    (abs)        000000
___heap_lo                                    (abs)        000000
___inthi_sp                                   stack        000000
___inthi_stack_hi                             stack        000000
___inthi_stack_lo                             stack        000000
___intlo_sp                                   stack        000000
___intlo_stack_hi                             stack        000000
___intlo_stack_lo                             stack        000000
___lwdiv                                      text5        002818
___lwdiv@counter                              cstackCOMRAM 000007
___lwdiv@dividend                             cstackCOMRAM 000001
___lwdiv@divisor                              cstackCOMRAM 000003
___lwdiv@quotient                             cstackCOMRAM 000005
___lwmod                                      text4        0028F6
___lwmod@counter                              cstackCOMRAM 000046
___lwmod@dividend                             cstackCOMRAM 000042
___lwmod@divisor                              cstackCOMRAM 000044
___param_bank                                 (abs)        000000
___rparam_used                                (abs)        000001
___sp                                         stack        000000
___stack_hi                                   stack        000000
___stack_lo                                   stack        000000
___xxtofl                                     text28       002198
___xxtofl@arg                                 cstackCOMRAM 00001B
___xxtofl@exp                                 cstackCOMRAM 00001A
___xxtofl@sign                                cstackCOMRAM 000019
___xxtofl@val                                 cstackCOMRAM 000011
__accesstop                                   (abs)        000060
__activetblptr                                (abs)        000002
__end_of_BME280_Compensate_Temperature        text27       001F80
__end_of_BME280_Init                          text22       002A04
__end_of_BME280_Read_Compensation_Params      text18       00279C
__end_of_BME280_Read_Temperature              text9        002612
__end_of_I2C_Write_Register                   text8        002B82
__end_of_LCDClear                             text7        002BA2
__end_of_LCDGoto                              text13       0028F6
__end_of_LCDInit                              text6        00253A
__end_of_LCDPutChar                           text12       002C96
__end_of_LCDWriteFloat                        text3        0026E8
__end_of_LCDWriteHexa                         text10       0029B4
__end_of_LCDWriteStr                          text11       002818
__end_of_ReadByte                             text17       002B02
__end_of_WaitLCD                              text16       002BDE
__end_of_WriteByte                            text14       002C14
__end_of_WriteNibble                          text15       002A50
__end_of___fladd                              text31       0014D8
__end_of___fldiv                              text33       001C9C
__end_of___flmul                              text32       001902
__end_of___flsub                              text30       002A96
__end_of___fltol                              text29       002452
__end_of___lwdiv                              text5        00288C
__end_of___lwmod                              text4        00295A
__end_of___xxtofl                             text28       00234C
__end_of__initialization                      cinit        002B26
__end_of_i2c_ACK                              text21       002C70
__end_of_i2c_NAK                              text20       002C5A
__end_of_i2c_init                             text2        002AD2
__end_of_i2c_read                             text19       002BC2
__end_of_i2c_repStart                         text1        002C2C
__end_of_i2c_start                            text26       002C84
__end_of_i2c_stop                             text24       002C44
__end_of_i2c_waitForIdle                      text25       002B5C
__end_of_i2c_write                            text23       002BFA
__end_of_main                                 text0        002198
__initialization                              cinit        002B02
__mediumconst                                 mediumconst  000000
__pbssBANK0                                   bssBANK0     000060
__pcinit                                      cinit        002B02
__pcstackBANK0                                cstackBANK0  000085
__pcstackCOMRAM                               cstackCOMRAM 000001
__pdataBANK0                                  dataBANK0    000098
__pidataBANK0                                 idataBANK0   002C96
__psmallconst                                 smallconst   001000
__ptext0                                      text0        001F80
__ptext1                                      text1        002C14
__ptext10                                     text10       00295A
__ptext11                                     text11       00279C
__ptext12                                     text12       002C84
__ptext13                                     text13       00288C
__ptext14                                     text14       002BFA
__ptext15                                     text15       002A04
__ptext16                                     text16       002BC2
__ptext17                                     text17       002AD2
__ptext18                                     text18       0026E8
__ptext19                                     text19       002BA2
__ptext2                                      text2        002A96
__ptext20                                     text20       002C44
__ptext21                                     text21       002C5A
__ptext22                                     text22       0029B4
__ptext23                                     text23       002BDE
__ptext24                                     text24       002C2C
__ptext25                                     text25       002B30
__ptext26                                     text26       002C70
__ptext27                                     text27       001C9C
__ptext28                                     text28       002198
__ptext29                                     text29       00234C
__ptext3                                      text3        002612
__ptext30                                     text30       002A50
__ptext31                                     text31       001018
__ptext32                                     text32       0014D8
__ptext33                                     text33       001902
__ptext4                                      text4        0028F6
__ptext5                                      text5        002818
__ptext6                                      text6        002452
__ptext7                                      text7        002B82
__ptext8                                      text8        002B5C
__ptext9                                      text9        00253A
__ramtop                                      ramtop       001000
__smallconst                                  smallconst   001000
_compParams                                   bssBANK0     000060
_i2c_ACK                                      text21       002C5A
_i2c_NAK                                      text20       002C44
_i2c_init                                     text2        002A96
_i2c_read                                     text19       002BA2
_i2c_repStart                                 text1        002C14
_i2c_start                                    text26       002C70
_i2c_stop                                     text24       002C2C
_i2c_waitForIdle                              text25       002B30
_i2c_write                                    text23       002BDE
_main                                         text0        001F80
_t_fine                                       bssBANK0     000081
end_of_initialization                         cinit        002B26
i2c_read@i2cReadData                          cstackCOMRAM 000002
i2c_write@i2cWriteData                        cstackCOMRAM 000002
intlevel0                                     text         000000
intlevel1                                     text         000000
intlevel2                                     text         000000
intlevel3                                     text         000000
isa$std                                       (abs)        000001
isa$xinst                                     (abs)        000000
main@F6603                                    dataBANK0    000098
main@adc_T                                    cstackBANK0  000087
main@check_mesure                             cstackBANK0  000097
main@degre                                    cstackBANK0  000085
main@hygro1                                   cstackBANK0  000093
main@hygro2                                   cstackBANK0  000094
main@temp_celsius                             cstackBANK0  00008F
main@temperature                              cstackBANK0  00008B
main@watt1                                    cstackBANK0  000095
main@watt2                                    cstackBANK0  000096
stackhi                                       (abs)        000000
stacklo                                       (abs)        000000
start                                         init         000000
start_initialization                          cinit        002B02


MODULE INFORMATION

Module		Function		Class		Link	Load	Size
/opt/microchip/xc8/v2.46/pic/sources/c99/common/lwmod.c
		___lwmod       		CODE           	28F6	0000	100

/opt/microchip/xc8/v2.46/pic/sources/c99/common/lwmod.c estimated size: 100

/opt/microchip/xc8/v2.46/pic/sources/c99/common/fltol.c
		___fltol       		CODE           	234C	0000	262

/opt/microchip/xc8/v2.46/pic/sources/c99/common/fltol.c estimated size: 262

i2c.c
		_i2c_NAK       		CODE           	2C44	0000	22
		_i2c_start     		CODE           	2C70	0000	20
		_i2c_repStart  		CODE           	2C14	0000	24
		_i2c_waitForIdle		CODE           	2B30	0000	44
		_i2c_ACK       		CODE           	2C5A	0000	22
		_i2c_write     		CODE           	2BDE	0000	28
		_i2c_stop      		CODE           	2C2C	0000	24
		_i2c_read      		CODE           	2BA2	0000	32
		_i2c_init      		CODE           	2A96	0000	60

i2c.c estimated size: 276

/opt/microchip/xc8/v2.46/pic/sources/c99/common/lwdiv.c
		___lwdiv       		CODE           	2818	0000	116

/opt/microchip/xc8/v2.46/pic/sources/c99/common/lwdiv.c estimated size: 116

/opt/microchip/xc8/v2.46/pic/sources/c99/common/sprcmul.c
		___flmul       		CODE           	14D8	0000	1066

/opt/microchip/xc8/v2.46/pic/sources/c99/common/sprcmul.c estimated size: 1066

/opt/microchip/xc8/v2.46/pic/sources/c99/common/sprcdiv.c
		___fldiv       		CODE           	1902	0000	922

/opt/microchip/xc8/v2.46/pic/sources/c99/common/sprcdiv.c estimated size: 922

/opt/microchip/xc8/v2.46/pic/sources/c99/common/xxtofl.c
		___xxtofl      		CODE           	2198	0000	436

/opt/microchip/xc8/v2.46/pic/sources/c99/common/xxtofl.c estimated size: 436

shared
		__initialization		CODE           	2B02	0000	36

shared estimated size: 36

lcd.c
		_LCDClear      		CODE           	2B82	0000	32
		_LCDPutChar    		CODE           	2C84	0000	18
		_WriteByte     		CODE           	2BFA	0000	26
		_LCDWriteStr   		CODE           	279C	0000	124
		_LCDWriteHexa  		CODE           	295A	0000	90
		_LCDInit       		CODE           	2452	0000	232
		_LCDWriteFloat 		CODE           	2612	0000	214
		_WriteNibble   		CODE           	2A04	0000	76
		_WaitLCD       		CODE           	2BC2	0000	28
		_ReadByte      		CODE           	2AD2	0000	48
		_LCDGoto       		CODE           	288C	0000	106

lcd.c estimated size: 994

/opt/microchip/xc8/v2.46/pic/sources/c99/common/sprcadd.c
		___flsub       		CODE           	2A50	0000	70
		___fladd       		CODE           	1018	0000	1216

/opt/microchip/xc8/v2.46/pic/sources/c99/common/sprcadd.c estimated size: 1286

mesure_temp.c
		_BME280_Read_Compensation_Params		CODE           	26E8	0000	180
		_I2C_Write_Register		CODE           	2B5C	0000	38
		_BME280_Init   		CODE           	29B4	0000	80
		_main          		CODE           	1F80	0000	536
		_BME280_Compensate_Temperature		CODE           	1C9C	0000	740
		_BME280_Read_Temperature		CODE           	253A	0000	216

mesure_temp.c estimated size: 1790

